Component: ARM Compiler 5.06 update 7 (build 960) Tool: armlink [4d3601]

==============================================================================

Section Cross References

    startup_stm32f103xb.o(RESET) refers to startup_stm32f103xb.o(STACK) for __initial_sp
    startup_stm32f103xb.o(RESET) refers to startup_stm32f103xb.o(.text) for Reset_Handler
    startup_stm32f103xb.o(RESET) refers to stm32f1xx_it.o(i.NMI_Handler) for NMI_Handler
    startup_stm32f103xb.o(RESET) refers to stm32f1xx_it.o(i.HardFault_Handler) for HardFault_Handler
    startup_stm32f103xb.o(RESET) refers to stm32f1xx_it.o(i.MemManage_Handler) for MemManage_Handler
    startup_stm32f103xb.o(RESET) refers to stm32f1xx_it.o(i.BusFault_Handler) for BusFault_Handler
    startup_stm32f103xb.o(RESET) refers to stm32f1xx_it.o(i.UsageFault_Handler) for UsageFault_Handler
    startup_stm32f103xb.o(RESET) refers to stm32f1xx_it.o(i.SVC_Handler) for SVC_Handler
    startup_stm32f103xb.o(RESET) refers to stm32f1xx_it.o(i.DebugMon_Handler) for DebugMon_Handler
    startup_stm32f103xb.o(RESET) refers to stm32f1xx_it.o(i.PendSV_Handler) for PendSV_Handler
    startup_stm32f103xb.o(RESET) refers to stm32f1xx_it.o(i.SysTick_Handler) for SysTick_Handler
    startup_stm32f103xb.o(RESET) refers to stm32f1xx_it.o(i.TIM2_IRQHandler) for TIM2_IRQHandler
    startup_stm32f103xb.o(RESET) refers to stm32f1xx_it.o(i.USART2_IRQHandler) for USART2_IRQHandler
    startup_stm32f103xb.o(.text) refers to system_stm32f1xx.o(i.SystemInit) for SystemInit
    startup_stm32f103xb.o(.text) refers to entry.o(.ARM.Collect$$$$00000000) for __main
    main.o(i.SystemClock_Config) refers to memseta.o(.text) for __aeabi_memclr4
    main.o(i.SystemClock_Config) refers to stm32f1xx_hal_rcc.o(i.HAL_RCC_OscConfig) for HAL_RCC_OscConfig
    main.o(i.SystemClock_Config) refers to stm32f1xx_hal_rcc.o(i.HAL_RCC_ClockConfig) for HAL_RCC_ClockConfig
    main.o(i.main) refers to stm32f1xx_hal.o(i.HAL_Init) for HAL_Init
    main.o(i.main) refers to main.o(i.SystemClock_Config) for SystemClock_Config
    main.o(i.main) refers to gpio.o(i.MX_GPIO_Init) for MX_GPIO_Init
    main.o(i.main) refers to tim.o(i.MX_TIM2_Init) for MX_TIM2_Init
    main.o(i.main) refers to usart.o(i.MX_USART2_UART_Init) for MX_USART2_UART_Init
    main.o(i.main) refers to gpio.o(i.test_gpio_Init) for test_gpio_Init
    main.o(i.main) refers to stm32f1xx_hal_tim.o(i.HAL_TIM_Base_Start_IT) for HAL_TIM_Base_Start_IT
    main.o(i.main) refers to delay.o(i.delay_init) for delay_init
    main.o(i.main) refers to imu.o(i.IMU_init) for IMU_init
    main.o(i.main) refers to delay.o(i.Delay_ms) for Delay_ms
    main.o(i.main) refers to task.o(i.TaskHandler) for TaskHandler
    main.o(i.main) refers to tim.o(.bss) for htim2
    gpio.o(i.MX_GPIO_Init) refers to stm32f1xx_hal_gpio.o(i.HAL_GPIO_WritePin) for HAL_GPIO_WritePin
    gpio.o(i.MX_GPIO_Init) refers to stm32f1xx_hal_gpio.o(i.HAL_GPIO_Init) for HAL_GPIO_Init
    gpio.o(i.test_gpio_Init) refers to stm32f1xx_hal_gpio.o(i.HAL_GPIO_WritePin) for HAL_GPIO_WritePin
    gpio.o(i.test_gpio_Init) refers to stm32f1xx_hal_gpio.o(i.HAL_GPIO_Init) for HAL_GPIO_Init
    tim.o(i.HAL_TIM_Base_MspDeInit) refers to stm32f1xx_hal_cortex.o(i.HAL_NVIC_DisableIRQ) for HAL_NVIC_DisableIRQ
    tim.o(i.HAL_TIM_Base_MspInit) refers to stm32f1xx_hal_cortex.o(i.HAL_NVIC_SetPriority) for HAL_NVIC_SetPriority
    tim.o(i.HAL_TIM_Base_MspInit) refers to stm32f1xx_hal_cortex.o(i.HAL_NVIC_EnableIRQ) for HAL_NVIC_EnableIRQ
    tim.o(i.MX_TIM2_Init) refers to stm32f1xx_hal_tim.o(i.HAL_TIM_Base_Init) for HAL_TIM_Base_Init
    tim.o(i.MX_TIM2_Init) refers to main.o(i.Error_Handler) for Error_Handler
    tim.o(i.MX_TIM2_Init) refers to stm32f1xx_hal_tim.o(i.HAL_TIM_ConfigClockSource) for HAL_TIM_ConfigClockSource
    tim.o(i.MX_TIM2_Init) refers to stm32f1xx_hal_tim_ex.o(i.HAL_TIMEx_MasterConfigSynchronization) for HAL_TIMEx_MasterConfigSynchronization
    tim.o(i.MX_TIM2_Init) refers to tim.o(.bss) for .bss
    usart.o(i.HAL_UART_MspDeInit) refers to stm32f1xx_hal_gpio.o(i.HAL_GPIO_DeInit) for HAL_GPIO_DeInit
    usart.o(i.HAL_UART_MspDeInit) refers to stm32f1xx_hal_cortex.o(i.HAL_NVIC_DisableIRQ) for HAL_NVIC_DisableIRQ
    usart.o(i.HAL_UART_MspInit) refers to stm32f1xx_hal_gpio.o(i.HAL_GPIO_Init) for HAL_GPIO_Init
    usart.o(i.HAL_UART_MspInit) refers to stm32f1xx_hal_cortex.o(i.HAL_NVIC_SetPriority) for HAL_NVIC_SetPriority
    usart.o(i.HAL_UART_MspInit) refers to stm32f1xx_hal_cortex.o(i.HAL_NVIC_EnableIRQ) for HAL_NVIC_EnableIRQ
    usart.o(i.MX_USART2_UART_Init) refers to stm32f1xx_hal_uart.o(i.HAL_UART_Init) for HAL_UART_Init
    usart.o(i.MX_USART2_UART_Init) refers to main.o(i.Error_Handler) for Error_Handler
    usart.o(i.MX_USART2_UART_Init) refers to usart.o(.bss) for .bss
    stm32f1xx_it.o(i.HAL_TIM_PeriodElapsedCallback) refers to stm32f1xx_it.o(.data) for .data
    stm32f1xx_it.o(i.SysTick_Handler) refers to stm32f1xx_hal.o(i.HAL_IncTick) for HAL_IncTick
[...]
    ..\Core\Src\usart.c                      0x00000000   Number         0  usart.o ABSOLUTE
    ..\Drivers\STM32F1xx_HAL_Driver\Src\stm32f1xx_hal.c 0x00000000   Number         0  stm32f1xx_hal.o ABSOLUTE
    ..\Drivers\STM32F1xx_HAL_Driver\Src\stm32f1xx_hal_cortex.c 0x00000000   Number         0  stm32f1xx_hal_cortex.o ABSOLUTE
    ..\Drivers\STM32F1xx_HAL_Driver\Src\stm32f1xx_hal_dma.c 0x00000000   Number         0  stm32f1xx_hal_dma.o ABSOLUTE
    ..\Drivers\STM32F1xx_HAL_Driver\Src\stm32f1xx_hal_exti.c 0x00000000   Number         0  stm32f1xx_hal_exti.o ABSOLUTE
    ..\Drivers\STM32F1xx_HAL_Driver\Src\stm32f1xx_hal_flash.c 0x00000000   Number         0  stm32f1xx_hal_flash.o ABSOLUTE
    ..\Drivers\STM32F1xx_HAL_Driver\Src\stm32f1xx_hal_flash_ex.c 0x00000000   Number         0  stm32f1xx_hal_flash_ex.o ABSOLUTE
    ..\Drivers\STM32F1xx_HAL_Driver\Src\stm32f1xx_hal_gpio.c 0x00000000   Number         0  stm32f1xx_hal_gpio.o ABSOLUTE
    ..\Drivers\STM32F1xx_HAL_Driver\Src\stm32f1xx_hal_gpio_ex.c 0x00000000   Number         0  stm32f1xx_hal_gpio_ex.o ABSOLUTE
    ..\Drivers\STM32F1xx_HAL_Driver\Src\stm32f1xx_hal_pwr.c 0x00000000   Number         0  stm32f1xx_hal_pwr.o ABSOLUTE
    ..\Drivers\STM32F1xx_HAL_Driver\Src\stm32f1xx_hal_rcc.c 0x00000000   Number         0  stm32f1xx_hal_rcc.o ABSOLUTE
    ..\Drivers\STM32F1xx_HAL_Driver\Src\stm32f1xx_hal_rcc_ex.c 0x00000000   Number         0  stm32f1xx_hal_rcc_ex.o ABSOLUTE
    ..\Drivers\STM32F1xx_HAL_Driver\Src\stm32f1xx_hal_tim.c 0x00000000   Number         0  stm32f1xx_hal_tim.o ABSOLUTE
    ..\Drivers\STM32F1xx_HAL_Driver\Src\stm32f1xx_hal_tim_ex.c 0x00000000   Number         0  stm32f1xx_hal_tim_ex.o ABSOLUTE
    ..\Drivers\STM32F1xx_HAL_Driver\Src\stm32f1xx_hal_uart.c 0x00000000   Number         0  stm32f1xx_hal_uart.o ABSOLUTE
    ..\HARDWARE\algorithm.c                  0x00000000   Number         0  algorithm.o ABSOLUTE
    ..\HARDWARE\icm42688.c                   0x00000000   Number         0  icm42688.o ABSOLUTE
    ..\HARDWARE\imu.c                        0x00000000   Number         0  imu.o ABSOLUTE
    ..\HARDWARE\max30102.c                   0x00000000   Number         0  max30102.o ABSOLUTE
    ..\HARDWARE\myiic.c                      0x00000000   Number         0  myiic.o ABSOLUTE
    ..\HARDWARE\task.c                       0x00000000   Number         0  task.o ABSOLUTE
    ..\SYSTEM\Delay.c                        0x00000000   Number         0  delay.o ABSOLUTE
    ..\\HARDWARE\\algorithm.c                0x00000000   Number         0  algorithm.o ABSOLUTE
    ..\\HARDWARE\\icm42688.c                 0x00000000   Number         0  icm42688.o ABSOLUTE
    ..\\HARDWARE\\imu.c                      0x00000000   Number         0  imu.o ABSOLUTE
    ..\\HARDWARE\\max30102.c                 0x00000000   Number         0  max30102.o ABSOLUTE
    ..\\HARDWARE\\myiic.c                    0x00000000   Number         0  myiic.o ABSOLUTE
    ..\\HARDWARE\\task.c                     0x00000000   Number         0  task.o ABSOLUTE
    ..\\SYSTEM\\Delay.c                      0x00000000   Number         0  delay.o ABSOLUTE
    cdcmple.s                                0x00000000   Number         0  cdcmple.o ABSOLUTE
    cdrcmple.s                               0x00000000   Number         0  cdrcmple.o ABSOLUTE
    dc.s                                     0x00000000   Number         0  dc.o ABSOLUTE
    handlers.s                               0x00000000   Number         0  handlers.o ABSOLUTE
    init.s                                   0x00000000   Number         0  init.o ABSOLUTE
    startup_stm32f103xb.s                    0x00000000   Number         0  startup_stm32f103xb.o ABSOLUTE
    RESET                                    0x08000000   Section      236  startup_stm32f103xb.o(RESET)
    .ARM.Collect$$$$00000000                 0x080000ec   Section        0  entry.o(.ARM.Collect$$$$00000000)
    .ARM.Collect$$$$00000001                 0x080000ec   Section        4  entry2.o(.ARM.Collect$$$$00000001)
    .ARM.Collect$$$$00000004                 0x080000f0   Section        4  entry5.o(.ARM.Collect$$$$00000004)
    .ARM.Collect$$$$00000008                 0x080000f4   Section        0  entry7b.o(.ARM.Collect$$$$00000008)
    .ARM.Collect$$$$0000000A                 0x080000f4   Section        0  entry8b.o(.ARM.Collect$$$$0000000A)
    .ARM.Collect$$$$0000000B                 0x080000f4   Section        8  entry9a.o(.ARM.Collect$$$$0000000B)
    .ARM.Collect$$$$0000000E                 0x080000fc   Section        4  entry12b.o(.ARM.Collect$$$$0000000E)
    .ARM.Collect$$$$0000000F                 0x08000100   Section        0  entry10a.o(.ARM.Collect$$$$0000000F)
    .ARM.Collect$$$$00000011                 0x08000100   Section        0  entry11a.o(.ARM.Collect$$$$00000011)
    .ARM.Collect$$$$00002712                 0x08000100   Section        4  entry2.o(.ARM.Collect$$$$00002712)
    __lit__00000000                          0x08000100   Data           4  entry2.o(.ARM.Collect$$$$00002712)
    .text                                    0x08000104   Section       36  startup_stm32f103xb.o(.text)
    .text                                    0x08000128   Section        0  llushr.o(.text)
    .text                                    0x08000148   Section        0  memseta.o(.text)
    .text                                    0x0800016c   Section        0  fadd.o(.text)
    .text                                    0x0800021c   Section        0  fmul.o(.text)
    .text                                    0x08000280   Section        0  fdiv.o(.text)
    .text                                    0x080002fc   Section        0  fscalb.o(.text)
    .text                                    0x08000314   Section        0  dadd.o(.text)
    .text                                    0x08000462   Section        0  dmul.o(.text)
    .text                                    0x08000546   Section        0  ddiv.o(.text)
    .text                                    0x08000624   Section        0  fflti.o(.text)
    .text                                    0x08000636   Section        0  ffltui.o(.text)
    .text                                    0x08000640   Section        0  dflti.o(.text)
    .text                                    0x08000662   Section        0  f2d.o(.text)
    .text                                    0x08000688   Section        0  d2f.o(.text)
    .text                                    0x080006c0   Section        0  uidiv.o(.text)
    .text                                    0x080006ec   Section        0  uldiv.o(.text)
    .text                                    0x0800074e   Section        0  llshl.o(.text)
    .text                                    0x0800076c   Section        0  llsshr.o(.text)
    .text                                    0x08000790   Section        0  iusefp.o(.text)
    .text                                    0x08000790   Section        0  fepilogue.o(.text)
    .text                                    0x080007fe   Section        0  depilogue.o(.text)
    .text                                    0x080008b8   Section        0  dscalb.o(.text)
    .text                                    0x080008e6   Section        0  dfixul.o(.text)
    .text                                    0x08000918   Section       48  cdcmple.o(.text)
    .text                                    0x08000948   Section       48  cdrcmple.o(.text)
    .text                                    0x08000978   Section       36  init.o(.text)
    .text                                    0x0800099c   Section        0  dsqrt.o(.text)
    i.BusFault_Handler                       0x08000a3e   Section        0  stm32f1xx_it.o(i.BusFault_Handler)
    i.DebugMon_Handler                       0x08000a40   Section        0  stm32f1xx_it.o(i.DebugMon_Handler)
    i.Delay_ms                               0x08000a42   Section        0  delay.o(i.Delay_ms)
    i.Delay_us                               0x08000a5c   Section        0  delay.o(i.Delay_us)
    i.Error_Handler                          0x08000a90   Section        0  main.o(i.Error_Handler)
    i.HAL_DMA_Abort                          0x08000a94   Section        0  stm32f1xx_hal_dma.o(i.HAL_DMA_Abort)
    i.HAL_DMA_Abort_IT                       0x08000adc   Section        0  stm32f1xx_hal_dma.o(i.HAL_DMA_Abort_IT)
    i.HAL_GPIO_Init                          0x08000b74   Section        0  stm32f1xx_hal_gpio.o(i.HAL_GPIO_Init)
    i.HAL_GPIO_ReadPin                       0x08000d54   Section        0  stm32f1xx_hal_gpio.o(i.HAL_GPIO_ReadPin)
    i.HAL_GPIO_WritePin                      0x08000d5e   Section        0  stm32f1xx_hal_gpio.o(i.HAL_GPIO_WritePin)
    i.HAL_GetTick                            0x08000d68   Section        0  stm32f1xx_hal.o(i.HAL_GetTick)
    i.HAL_IncTick                            0x08000d74   Section        0  stm32f1xx_hal.o(i.HAL_IncTick)
    i.HAL_Init                               0x08000d84   Section        0  stm32f1xx_hal.o(i.HAL_Init)
    i.HAL_InitTick                           0x08000da8   Section        0  stm32f1xx_hal.o(i.HAL_InitTick)
    i.HAL_MspInit                            0x08000de8   Section        0  stm32f1xx_hal_msp.o(i.HAL_MspInit)
    i.HAL_NVIC_EnableIRQ                     0x08000e24   Section        0  stm32f1xx_hal_cortex.o(i.HAL_NVIC_EnableIRQ)
    i.HAL_NVIC_SetPriority                   0x08000e40   Section        0  stm32f1xx_hal_cortex.o(i.HAL_NVIC_SetPriority)
    i.HAL_NVIC_SetPriorityGrouping           0x08000e80   Section        0  stm32f1xx_hal_cortex.o(i.HAL_NVIC_SetPriorityGrouping)
    i.HAL_RCC_ClockConfig                    0x08000ea4   Section        0  stm32f1xx_hal_rcc.o(i.HAL_RCC_ClockConfig)
    i.HAL_RCC_GetPCLK1Freq                   0x08000fd0   Section        0  stm32f1xx_hal_rcc.o(i.HAL_RCC_GetPCLK1Freq)
    i.HAL_RCC_GetPCLK2Freq                   0x08000ff0   Section        0  stm32f1xx_hal_rcc.o(i.HAL_RCC_GetPCLK2Freq)
    i.HAL_RCC_GetSysClockFreq                0x08001010   Section        0  stm32f1xx_hal_rcc.o(i.HAL_RCC_GetSysClockFreq)
    i.HAL_RCC_OscConfig                      0x0800105c   Section        0  stm32f1xx_hal_rcc.o(i.HAL_RCC_OscConfig)
    i.HAL_SYSTICK_CLKSourceConfig            0x0800137c   Section        0  stm32f1xx_hal_cortex.o(i.HAL_SYSTICK_CLKSourceConfig)
    i.HAL_SYSTICK_Config                     0x08001394   Section        0  stm32f1xx_hal_cortex.o(i.HAL_SYSTICK_Config)
    i.HAL_TIMEx_BreakCallback                0x080013bc   Section        0  stm32f1xx_hal_tim_ex.o(i.HAL_TIMEx_BreakCallback)
    i.HAL_TIMEx_CommutCallback               0x080013be   Section        0  stm32f1xx_hal_tim_ex.o(i.HAL_TIMEx_CommutCallback)
    i.HAL_TIMEx_MasterConfigSynchronization  0x080013c0   Section        0  stm32f1xx_hal_tim_ex.o(i.HAL_TIMEx_MasterConfigSynchronization)
    i.HAL_TIM_Base_Init                      0x08001428   Section        0  stm32f1xx_hal_tim.o(i.HAL_TIM_Base_Init)
    i.HAL_TIM_Base_MspInit                   0x08001484   Section        0  tim.o(i.HAL_TIM_Base_MspInit)
    i.HAL_TIM_Base_Start_IT                  0x080014bc   Section        0  stm32f1xx_hal_tim.o(i.HAL_TIM_Base_Start_IT)
    i.HAL_TIM_ConfigClockSource              0x08001514   Section        0  stm32f1xx_hal_tim.o(i.HAL_TIM_ConfigClockSource)
    i.HAL_TIM_IC_CaptureCallback             0x080015f0   Section        0  stm32f1xx_hal_tim.o(i.HAL_TIM_IC_CaptureCallback)
    i.HAL_TIM_IRQHandler                     0x080015f2   Section        0  stm32f1xx_hal_tim.o(i.HAL_TIM_IRQHandler)
    i.HAL_TIM_OC_DelayElapsedCallback        0x08001722   Section        0  stm32f1xx_hal_tim.o(i.HAL_TIM_OC_DelayElapsedCallback)
    i.HAL_TIM_PWM_PulseFinishedCallback      0x08001724   Section        0  stm32f1xx_hal_tim.o(i.HAL_TIM_PWM_PulseFinishedCallback)
    i.HAL_TIM_PeriodElapsedCallback          0x08001728   Section        0  stm32f1xx_it.o(i.HAL_TIM_PeriodElapsedCallback)
    i.HAL_TIM_TriggerCallback                0x08001740   Section        0  stm32f1xx_hal_tim.o(i.HAL_TIM_TriggerCallback)
    i.HAL_UARTEx_RxEventCallback             0x08001742   Section        0  stm32f1xx_hal_uart.o(i.HAL_UARTEx_RxEventCallback)
    i.HAL_UART_ErrorCallback                 0x08001744   Section        0  stm32f1xx_hal_uart.o(i.HAL_UART_ErrorCallback)
    i.HAL_UART_IRQHandler                    0x08001748   Section        0  stm32f1xx_hal_uart.o(i.HAL_UART_IRQHandler)
    i.HAL_UART_Init                          0x080019b4   Section        0  stm32f1xx_hal_uart.o(i.HAL_UART_Init)
    i.HAL_UART_MspInit                       0x08001a18   Section        0  usart.o(i.HAL_UART_MspInit)
    i.HAL_UART_RxCpltCallback                0x08001a98   Section        0  stm32f1xx_hal_uart.o(i.HAL_UART_RxCpltCallback)
    i.HAL_UART_TxCpltCallback                0x08001a9a   Section        0  stm32f1xx_hal_uart.o(i.HAL_UART_TxCpltCallback)
    i.HardFault_Handler                      0x08001a9c   Section        0  stm32f1xx_it.o(i.HardFault_Handler)
    i.IIC2_Ack                               0x08001aa0   Section        0  myiic.o(i.IIC2_Ack)
    i.IIC2_NAck                              0x08001afc   Section        0  myiic.o(i.IIC2_NAck)
    i.IIC2_Read_Byte                         0x08001b58   Section        0  myiic.o(i.IIC2_Read_Byte)
    i.IIC2_START                             0x08001bd0   Section        0  myiic.o(i.IIC2_START)
    i.IIC2_STOP                              0x08001c2c   Section        0  myiic.o(i.IIC2_STOP)
    i.IIC2_Send_Byte                         0x08001c70   Section        0  myiic.o(i.IIC2_Send_Byte)
    i.IIC2_Wait_Ack                          0x08001ce8   Section        0  myiic.o(i.IIC2_Wait_Ack)
    i.IIC_Ack                                0x08001d58   Section        0  myiic.o(i.IIC_Ack)
    i.IIC_NAck                               0x08001db8   Section        0  myiic.o(i.IIC_NAck)
    i.IIC_Read_Byte                          0x08001e18   Section        0  myiic.o(i.IIC_Read_Byte)
    i.IIC_Read_Bytes                         0x08001e94   Section        0  myiic.o(i.IIC_Read_Bytes)
    i.IIC_START                              0x08001ef0   Section        0  myiic.o(i.IIC_START)
    i.IIC_STOP                               0x08001f50   Section        0  myiic.o(i.IIC_STOP)
    i.IIC_Send_Byte                          0x08001f98   Section        0  myiic.o(i.IIC_Send_Byte)
    i.IIC_Wait_Ack                           0x08002018   Section        0  myiic.o(i.IIC_Wait_Ack)
    i.IIC_Write_Bytes                        0x0800208c   Section        0  myiic.o(i.IIC_Write_Bytes)
    i.IMU_AHRSupdate                         0x080020d0   Section        0  imu.o(i.IMU_AHRSupdate)
    i.IMU_getQ                               0x08002538   Section        0  imu.o(i.IMU_getQ)
    i.IMU_getValues                          0x080025c4   Section        0  imu.o(i.IMU_getValues)
    i.IMU_getYawPitchRoll                    0x08002684   Section        0  imu.o(i.IMU_getYawPitchRoll)
    i.IMU_init                               0x080027e8   Section        0  imu.o(i.IMU_init)
    i.MX_GPIO_Init                           0x0800281c   Section        0  gpio.o(i.MX_GPIO_Init)
    i.MX_TIM2_Init                           0x080028f0   Section        0  tim.o(i.MX_TIM2_Init)
    i.MX_USART2_UART_Init                    0x08002954   Section        0  usart.o(i.MX_USART2_UART_Init)
    i.MemManage_Handler                      0x0800298c   Section        0  stm32f1xx_it.o(i.MemManage_Handler)
    i.NMI_Handler                            0x0800298e   Section        0  stm32f1xx_it.o(i.NMI_Handler)
    i.PendSV_Handler                         0x08002990   Section        0  stm32f1xx_it.o(i.PendSV_Handler)
    i.SVC_Handler                            0x08002992   Section        0  stm32f1xx_it.o(i.SVC_Handler)
    i.SysTick_Handler                        0x08002994   Section        0  stm32f1xx_it.o(i.SysTick_Handler)
    i.SystemClock_Config                     0x080029a2   Section        0  main.o(i.SystemClock_Config)
    i.SystemInit                             0x08002a00   Section        0  system_stm32f1xx.o(i.SystemInit)
    i.TIM2_IRQHandler                        0x08002a04   Section        0  stm32f1xx_it.o(i.TIM2_IRQHandler)
    i.TIM_Base_SetConfig                     0x08002a10   Section        0  stm32f1xx_hal_tim.o(i.TIM_Base_SetConfig)
    i.TIM_ETR_SetConfig                      0x08002a88   Section        0  stm32f1xx_hal_tim.o(i.TIM_ETR_SetConfig)
    i.TIM_ITRx_SetConfig                     0x08002a9c   Section        0  stm32f1xx_hal_tim.o(i.TIM_ITRx_SetConfig)
    TIM_ITRx_SetConfig                       0x08002a9d   Thumb Code    16  stm32f1xx_hal_tim.o(i.TIM_ITRx_SetConfig)
    i.TIM_TI1_ConfigInputStage               0x08002aac   Section        0  stm32f1xx_hal_tim.o(i.TIM_TI1_ConfigInputStage)
    TIM_TI1_ConfigInputStage                 0x08002aad   Thumb Code    34  stm32f1xx_hal_tim.o(i.TIM_TI1_ConfigInputStage)
    i.TIM_TI2_ConfigInputStage               0x08002ace   Section        0  stm32f1xx_hal_tim.o(i.TIM_TI2_ConfigInputStage)
    TIM_TI2_ConfigInputStage                 0x08002acf   Thumb Code    36  stm32f1xx_hal_tim.o(i.TIM_TI2_ConfigInputStage)
    i.TaskHandler                            0x08002af4   Section        0  task.o(i.TaskHandler)
    i.TaskSchedule                           0x08002b1c   Section        0  task.o(i.TaskSchedule)
    i.UART_DMAAbortOnError                   0x08002b4c   Section        0  stm32f1xx_hal_uart.o(i.UART_DMAAbortOnError)
    UART_DMAAbortOnError                     0x08002b4d   Thumb Code    16  stm32f1xx_hal_uart.o(i.UART_DMAAbortOnError)
    i.UART_EndRxTransfer                     0x08002b5c   Section        0  stm32f1xx_hal_uart.o(i.UART_EndRxTransfer)
    UART_EndRxTransfer                       0x08002b5d   Thumb Code    78  stm32f1xx_hal_uart.o(i.UART_EndRxTransfer)
    i.UART_Receive_IT                        0x08002baa   Section        0  stm32f1xx_hal_uart.o(i.UART_Receive_IT)
    UART_Receive_IT                          0x08002bab   Thumb Code   194  stm32f1xx_hal_uart.o(i.UART_Receive_IT)
    i.UART_SetConfig                         0x08002c6c   Section        0  stm32f1xx_hal_uart.o(i.UART_SetConfig)
    UART_SetConfig                           0x08002c6d   Thumb Code   178  stm32f1xx_hal_uart.o(i.UART_SetConfig)
    i.USART2_IRQHandler                      0x08002d24   Section        0  stm32f1xx_it.o(i.USART2_IRQHandler)
    i.UsageFault_Handler                     0x08002d30   Section        0  stm32f1xx_it.o(i.UsageFault_Handler)
    i.__0printf                              0x08002d34   Section        0  printfa.o(i.__0printf)
    i.__ARM_fpclassify                       0x08002d54   Section        0  fpclassify.o(i.__ARM_fpclassify)
    i.__NVIC_SetPriority                     0x08002d7c   Section        0  stm32f1xx_hal_cortex.o(i.__NVIC_SetPriority)
    __NVIC_SetPriority                       0x08002d7d   Thumb Code    32  stm32f1xx_hal_cortex.o(i.__NVIC_SetPriority)
    i.__kernel_poly                          0x08002d9c   Section        0  poly.o(i.__kernel_poly)
    i.__mathlib_dbl_infnan                   0x08002e46   Section        0  dunder.o(i.__mathlib_dbl_infnan)
    i.__mathlib_dbl_infnan2                  0x08002e4c   Section        0  dunder.o(i.__mathlib_dbl_infnan2)
    i.__mathlib_dbl_invalid                  0x08002e50   Section        0  dunder.o(i.__mathlib_dbl_invalid)
    i.__mathlib_dbl_underflow                0x08002e5c   Section        0  dunder.o(i.__mathlib_dbl_underflow)
    i.__scatterload_copy                     0x08002e6c   Section       14  handlers.o(i.__scatterload_copy)
    i.__scatterload_null                     0x08002e7a   Section        2  handlers.o(i.__scatterload_null)
    i.__scatterload_zeroinit                 0x08002e7c   Section       14  handlers.o(i.__scatterload_zeroinit)
    i.__set_errno                            0x08002e8c   Section        0  errno.o(i.__set_errno)
    i._fp_digits                             0x08002e98   Section        0  printfa.o(i._fp_digits)
    _fp_digits                               0x08002e99   Thumb Code   366  printfa.o(i._fp_digits)
    i._printf_core                           0x0800301c   Section        0  printfa.o(i._printf_core)
    _printf_core                             0x0800301d   Thumb Code  1704  printfa.o(i._printf_core)
    i._printf_post_padding                   0x080036d0   Section        0  printfa.o(i._printf_post_padding)
    _printf_post_padding                     0x080036d1   Thumb Code    36  printfa.o(i._printf_post_padding)
    i._printf_pre_padding                    0x080036f4   Section        0  printfa.o(i._printf_pre_padding)
    _printf_pre_padding                      0x080036f5   Thumb Code    46  printfa.o(i._printf_pre_padding)
    i.asin                                   0x08003724   Section        0  asin.o(i.asin)
    i.atan                                   0x08003994   Section        0  atan.o(i.atan)
    i.atan2                                  0x08003bb4   Section        0  atan2.o(i.atan2)
    i.bsp_Icm42688GetAres                    0x08003d50   Section        0  icm42688.o(i.bsp_Icm42688GetAres)
    i.bsp_Icm42688GetGres                    0x08003d8c   Section        0  icm42688.o(i.bsp_Icm42688GetGres)
    i.bsp_Icm42688Init                       0x08003de8   Section        0  icm42688.o(i.bsp_Icm42688Init)
    i.bsp_Icm42688RegCfg                     0x08003dec   Section        0  icm42688.o(i.bsp_Icm42688RegCfg)
    i.bsp_IcmGetRawData                      0x08003e68   Section        0  icm42688.o(i.bsp_IcmGetRawData)
    i.calGyroVariance                        0x08003f14   Section        0  imu.o(i.calGyroVariance)
    i.delay_init                             0x080040dc   Section        0  delay.o(i.delay_init)
    i.fputc                                  0x080040f0   Section        0  usart.o(i.fputc)
    i.icm42688Task                           0x08004108   Section        0  icm42688.o(i.icm42688Task)
    i.icm42688_read_reg                      0x08004114   Section        0  icm42688.o(i.icm42688_read_reg)
    icm42688_read_reg                        0x08004115   Thumb Code    26  icm42688.o(i.icm42688_read_reg)
    i.icm42688_read_regs                     0x0800412e   Section        0  icm42688.o(i.icm42688_read_regs)
    icm42688_read_regs                       0x0800412f   Thumb Code    18  icm42688.o(i.icm42688_read_regs)
    i.icm42688_write_reg                     0x08004140   Section        0  icm42688.o(i.icm42688_write_reg)
    icm42688_write_reg                       0x08004141   Thumb Code    18  icm42688.o(i.icm42688_write_reg)
    i.invSqrt1                               0x08004154   Section        0  imu.o(i.invSqrt1)
    i.main                                   0x08004188   Section        0  main.o(i.main)
    i.max30102CalcTask                       0x080041c4   Section        0  max30102.o(i.max30102CalcTask)
    i.max30102SampleTask                     0x0800423c   Section        0  max30102.o(i.max30102SampleTask)
    i.max30102_Bus_Read                      0x08004350   Section        0  max30102.o(i.max30102_Bus_Read)
    i.max30102_Bus_Write                     0x08004398   Section        0  max30102.o(i.max30102_Bus_Write)
    i.max30102_FIFO_ReadBytes                0x080043d6   Section        0  max30102.o(i.max30102_FIFO_ReadBytes)
    i.max30102_agc_update                    0x08004440   Section        0  max30102.o(i.max30102_agc_update)
    max30102_agc_update                      0x08004441   Thumb Code    76  max30102.o(i.max30102_agc_update)
    i.max30102_apply_led_current             0x08004494   Section        0  max30102.o(i.max30102_apply_led_current)
    max30102_apply_led_current               0x08004495   Thumb Code    40  max30102.o(i.max30102_apply_led_current)
    i.max30102_clear_interrupt_status        0x080044c0   Section        0  max30102.o(i.max30102_clear_interrupt_status)
    max30102_clear_interrupt_status          0x080044c1   Thumb Code    18  max30102.o(i.max30102_clear_interrupt_status)
    i.max30102_compose_sample                0x080044d2   Section        0  max30102.o(i.max30102_compose_sample)
    max30102_compose_sample                  0x080044d3   Thumb Code    18  max30102.o(i.max30102_compose_sample)
    i.max30102_fifo_pending                  0x080044e4   Section        0  max30102.o(i.max30102_fifo_pending)
    max30102_fifo_pending                    0x080044e5   Thumb Code    28  max30102.o(i.max30102_fifo_pending)
    i.maxim_find_peaks                       0x08004504   Section        0  algorithm.o(i.maxim_find_peaks)
    i.maxim_heart_rate_and_oxygen_saturation 0x08004538   Section        0  algorithm.o(i.maxim_heart_rate_and_oxygen_saturation)
    i.maxim_peaks_above_min_height           0x080048f4   Section        0  algorithm.o(i.maxim_peaks_above_min_height)
    i.maxim_remove_close_peaks               0x08004960   Section        0  algorithm.o(i.maxim_remove_close_peaks)
    i.maxim_sort_ascend                      0x080049cc   Section        0  algorithm.o(i.maxim_sort_ascend)
    i.maxim_sort_indices_descend             0x08004a00   Section        0  algorithm.o(i.maxim_sort_indices_descend)
    i.printTask                              0x08004a3c   Section        0  icm42688.o(i.printTask)
    i.sqrt                                   0x08004ae0   Section        0  sqrt.o(i.sqrt)
    i.test_gpio_Init                         0x08004b2c   Section        0  gpio.o(i.test_gpio_Init)
    .constdata                               0x08004b7c   Section       18  stm32f1xx_hal_rcc.o(.constdata)
    aPredivFactorTable                       0x08004b7c   Data           2  stm32f1xx_hal_rcc.o(.constdata)
    aPLLMULFactorTable                       0x08004b7e   Data          16  stm32f1xx_hal_rcc.o(.constdata)
    .constdata                               0x08004b8e   Section       16  system_stm32f1xx.o(.constdata)
    .constdata                               0x08004b9e   Section        8  system_stm32f1xx.o(.constdata)
    .constdata                               0x08004ba6   Section      246  algorithm.o(.constdata)
    .constdata                               0x08004ca0   Section       80  asin.o(.constdata)
    pS                                       0x08004ca0   Data          48  asin.o(.constdata)
    qS                                       0x08004cd0   Data          32  asin.o(.constdata)
    .constdata                               0x08004cf0   Section      152  atan.o(.constdata)
    atanhi                                   0x08004cf0   Data          32  atan.o(.constdata)
    atanlo                                   0x08004d10   Data          32  atan.o(.constdata)
    aTodd                                    0x08004d30   Data          40  atan.o(.constdata)
    aTeven                                   0x08004d58   Data          48  atan.o(.constdata)
    .constdata                               0x08004d88   Section        8  qnan.o(.constdata)
    .data                                    0x20000000   Section        4  stm32f1xx_it.o(.data)
    .data                                    0x20000004   Section       12  stm32f1xx_hal.o(.data)
    .data                                    0x20000010   Section        4  system_stm32f1xx.o(.data)
    .data                                    0x20000014   Section       12  icm42688.o(.data)
    accSensitivity                           0x20000014   Data           4  icm42688.o(.data)
    gyroSensitivity                          0x20000018   Data           4  icm42688.o(.data)
    seq                                      0x2000001c   Data           4  icm42688.o(.data)
    .data                                    0x20000020   Section       48  imu.o(.data)
    GyroinitFlag                             0x20000020   Data           4  imu.o(.data)
    GyroCount                                0x20000024   Data           4  imu.o(.data)
    .data                                    0x20000050   Section       32  max30102.o(.data)
    spo2_warmup_done                         0x20000050   Data           1  max30102.o(.data)
    spo2_calc_req                            0x20000051   Data           1  max30102.o(.data)
    spo2_started                             0x20000052   Data           1  max30102.o(.data)
    g_last_hr_valid                          0x20000053   Data           1  max30102.o(.data)
    g_last_spo2_valid                        0x20000054   Data           1  max30102.o(.data)
    g_last_pending                           0x20000055   Data           1  max30102.o(.data)
    g_part_id                                0x20000056   Data           1  max30102.o(.data)
    g_rev_id                                 0x20000057   Data           1  max30102.o(.data)
    g_led_current                            0x20000058   Data           1  max30102.o(.data)
    spo2_fill                                0x2000005a   Data           2  max30102.o(.data)
    g_agc_sample_count                       0x2000005c   Data           2  max30102.o(.data)
    g_last_hr                                0x20000060   Data           4  max30102.o(.data)
    g_last_spo2                              0x20000064   Data           4  max30102.o(.data)
    g_calc_count                             0x20000068   Data           4  max30102.o(.data)
    g_agc_ir_accum                           0x2000006c   Data           4  max30102.o(.data)
    .data                                    0x20000070   Section       32  task.o(.data)
    TaskComps                                0x20000070   Data          32  task.o(.data)
    .data                                    0x20000090   Section        4  delay.o(.data)
    fac_us                                   0x20000090   Data           4  delay.o(.data)
    .data                                    0x20000094   Section        4  stdout.o(.data)
    .data                                    0x20000098   Section        4  errno.o(.data)
    _errno                                   0x20000098   Data           4  errno.o(.data)
    .bss                                     0x2000009c   Section       72  tim.o(.bss)
    .bss                                     0x200000e4   Section       72  usart.o(.bss)
    .bss                                     0x2000012c   Section       24  icm42688.o(.bss)
    .bss                                     0x20000148   Section     7372  imu.o(.bss)
    Gyro_fill                                0x20000188   Data        7200  imu.o(.bss)
    Gyro_total                               0x20001da8   Data          24  imu.o(.bss)
    sqrGyro_total                            0x20001dc0   Data          24  imu.o(.bss)
    .bss                                     0x20001e14   Section     4000  max30102.o(.bss)
    .bss                                     0x20002db4   Section     5984  algorithm.o(.bss)
    an_dx                                    0x20002db4   Data        1984  algorithm.o(.bss)
    an_x                                     0x20003574   Data        2000  algorithm.o(.bss)
    an_y                                     0x20003d44   Data        2000  algorithm.o(.bss)
    STACK                                    0x20004518   Section     1024  startup_stm32f103xb.o(STACK)

    Global Symbols

    Symbol Name                              Value     Ov Type        Size  Object(Section)

    BuildAttributes$$THM_ISAv4$P$D$K$B$S$PE$A:L22UL41UL21$X:L11$S22US41US21$IEEE1$IW$USESV6$~STKCKD$USESV7$~SHL$OTIME$ROPI$IEEEX$EBA8$MICROLIB$REQ8$PRES8$EABIv2 0x00000000   Number         0  anon$$obj.o ABSOLUTE
    __ARM_use_no_argv                        0x00000000   Number         0  main.o ABSOLUTE
    _printf_a                                0x00000000   Number         0  stubs.o ABSOLUTE
    _printf_c                                0x00000000   Number         0  stubs.o ABSOLUTE
    _printf_charcount                        0x00000000   Number         0  stubs.o ABSOLUTE
    _printf_d                                0x00000000   Number         0  stubs.o ABSOLUTE
    _printf_e                                0x00000000   Number         0  stubs.o ABSOLUTE
    _printf_f                                0x00000000   Number         0  stubs.o ABSOLUTE
    _printf_flags                            0x00000000   Number         0  stubs.o ABSOLUTE
    _printf_fp_dec                           0x00000000   Number         0  stubs.o ABSOLUTE
    _printf_fp_hex                           0x00000000   Number         0  stubs.o ABSOLUTE
    _printf_g                                0x00000000   Number         0  stubs.o ABSOLUTE
    _printf_i                                0x00000000   Number         0  stubs.o ABSOLUTE
    _printf_int_dec                          0x00000000   Number         0  stubs.o ABSOLUTE
    _printf_l                                0x00000000   Number         0  stubs.o ABSOLUTE
    _printf_lc                               0x00000000   Number         0  stubs.o ABSOLUTE
    _printf_ll                               0x00000000   Number         0  stubs.o ABSOLUTE
    _printf_lld                              0x00000000   Number         0  stubs.o ABSOLUTE
    _printf_lli                              0x00000000   Number         0  stubs.o ABSOLUTE
    _printf_llo                              0x00000000   Number         0  stubs.o ABSOLUTE
    _printf_llu                              0x00000000   Number         0  stubs.o ABSOLUTE
    _printf_llx                              0x00000000   Number         0  stubs.o ABSOLUTE
    _printf_longlong_dec                     0x00000000   Number         0  stubs.o ABSOLUTE
    _printf_longlong_hex                     0x00000000   Number         0  stubs.o ABSOLUTE
    _printf_longlong_oct                     0x00000000   Number         0  stubs.o ABSOLUTE
    _printf_ls                               0x00000000   Number         0  stubs.o ABSOLUTE
    _printf_mbtowc                           0x00000000   Number         0  stubs.o ABSOLUTE
    _printf_n                                0x00000000   Number         0  stubs.o ABSOLUTE
    _printf_o                                0x00000000   Number         0  stubs.o ABSOLUTE
    _printf_p                                0x00000000   Number         0  stubs.o ABSOLUTE
    _printf_percent                          0x00000000   Number         0  stubs.o ABSOLUTE
    _printf_pre_padding                      0x00000000   Number         0  stubs.o ABSOLUTE
    _printf_return_value                     0x00000000   Number         0  stubs.o ABSOLUTE
    _printf_s                                0x00000000   Number         0  stubs.o ABSOLUTE
    _printf_sizespec                         0x00000000   Number         0  stubs.o ABSOLUTE
    _printf_str                              0x00000000   Number         0  stubs.o ABSOLUTE
    _printf_truncate_signed                  0x00000000   Number         0  stubs.o ABSOLUTE
    _printf_truncate_unsigned                0x00000000   Number         0  stubs.o ABSOLUTE
    _printf_u                                0x00000000   Number         0  stubs.o ABSOLUTE
    _printf_wc                               0x00000000   Number         0  stubs.o ABSOLUTE
    _printf_wctomb                           0x00000000   Number         0  stubs.o ABSOLUTE
    _printf_widthprec                        0x00000000   Number         0  stubs.o ABSOLUTE
    _printf_x                                0x00000000   Number         0  stubs.o ABSOLUTE
    __arm_fini_                               - Undefined Weak Reference
    __cpp_initialize__aeabi_                  - Undefined Weak Reference
    __cxa_finalize                            - Undefined Weak Reference
    __decompress                              - Undefined Weak Reference
    _clock_init                               - Undefined Weak Reference
    _microlib_exit                            - Undefined Weak Reference
    __Vectors_Size                           0x000000ec   Number         0  startup_stm32f103xb.o ABSOLUTE
    __Vectors                                0x08000000   Data           4  startup_stm32f103xb.o(RESET)
    __Vectors_End                            0x080000ec   Data           0  startup_stm32f103xb.o(RESET)
    __main                                   0x080000ed   Thumb Code     0  entry.o(.ARM.Collect$$$$00000000)
    _main_stk                                0x080000ed   Thumb Code     0  entry2.o(.ARM.Collect$$$$00000001)
    _main_scatterload                        0x080000f1   Thumb Code     0  entry5.o(.ARM.Collect$$$$00000004)
    __main_after_scatterload                 0x080000f5   Thumb Code     0  entry5.o(.ARM.Collect$$$$00000004)
    _main_clock                              0x080000f5   Thumb Code     0  entry7b.o(.ARM.Collect$$$$00000008)
    _main_cpp_init                           0x080000f5   Thumb Code     0  entry8b.o(.ARM.Collect$$$$0000000A)
    _main_init                               0x080000f5   Thumb Code     0  entry9a.o(.ARM.Collect$$$$0000000B)
    __rt_lib_shutdown_fini                   0x080000fd   Thumb Code     0  entry12b.o(.ARM.Collect$$$$0000000E)
    __rt_final_cpp                           0x08000101   Thumb Code     0  entry10a.o(.ARM.Collect$$$$0000000F)
    __rt_final_exit                          0x08000101   Thumb Code     0  entry11a.o(.ARM.Collect$$$$00000011)
    Reset_Handler                            0x08000105   Thumb Code     8  startup_stm32f103xb.o(.text)
    ADC1_2_IRQHandler                        0x0800011f   Thumb Code     0  startup_stm32f103xb.o(.text)
    CAN1_RX1_IRQHandler                      0x0800011f   Thumb Code     0  startup_stm32f103xb.o(.text)
    CAN1_SCE_IRQHandler                      0x0800011f   Thumb Code     0  startup_stm32f103xb.o(.text)
    DMA1_Channel1_IRQHandler                 0x0800011f   Thumb Code     0  startup_stm32f103xb.o(.text)
    DMA1_Channel2_IRQHandler                 0x0800011f   Thumb Code     0  startup_stm32f103xb.o(.text)
    DMA1_Channel3_IRQHandler                 0x0800011f   Thumb Code     0  startup_stm32f103xb.o(.text)
    DMA1_Channel4_IRQHandler                 0x0800011f   Thumb Code     0  startup_stm32f103xb.o(.text)
    DMA1_Channel5_IRQHandler                 0x0800011f   Thumb Code     0  startup_stm32f103xb.o(.text)
    DMA1_Channel6_IRQHandler                 0x0800011f   Thumb Code     0  startup_stm32f103xb.o(.text)
    DMA1_Channel7_IRQHandler                 0x0800011f   Thumb Code     0  startup_stm32f103xb.o(.text)
    EXTI0_IRQHandler                         0x0800011f   Thumb Code     0  startup_stm32f103xb.o(.text)
    EXTI15_10_IRQHandler                     0x0800011f   Thumb Code     0  startup_stm32f103xb.o(.text)
    EXTI1_IRQHandler                         0x0800011f   Thumb Code     0  startup_stm32f103xb.o(.text)
    EXTI2_IRQHandler                         0x0800011f   Thumb Code     0  startup_stm32f103xb.o(.text)
    EXTI3_IRQHandler                         0x0800011f   Thumb Code     0  startup_stm32f103xb.o(.text)
    EXTI4_IRQHandler                         0x0800011f   Thumb Code     0  startup_stm32f103xb.o(.text)
    EXTI9_5_IRQHandler                       0x0800011f   Thumb Code     0  startup_stm32f103xb.o(.text)
    FLASH_IRQHandler                         0x0800011f   Thumb Code     0  startup_stm32f103xb.o(.text)
    I2C1_ER_IRQHandler                       0x0800011f   Thumb Code     0  startup_stm32f103xb.o(.text)
    I2C1_EV_IRQHandler                       0x0800011f   Thumb Code     0  startup_stm32f103xb.o(.text)
    I2C2_ER_IRQHandler                       0x0800011f   Thumb Code     0  startup_stm32f103xb.o(.text)
    I2C2_EV_IRQHandler                       0x0800011f   Thumb Code     0  startup_stm32f103xb.o(.text)
    PVD_IRQHandler                           0x0800011f   Thumb Code     0  startup_stm32f103xb.o(.text)
    RCC_IRQHandler                           0x0800011f   Thumb Code     0  startup_stm32f103xb.o(.text)
    RTC_Alarm_IRQHandler                     0x0800011f   Thumb Code     0  startup_stm32f103xb.o(.text)
    RTC_IRQHandler                           0x0800011f   Thumb Code     0  startup_stm32f103xb.o(.text)
    SPI1_IRQHandler                          0x0800011f   Thumb Code     0  startup_stm32f103xb.o(.text)
    SPI2_IRQHandler                          0x0800011f   Thumb Code     0  startup_stm32f103xb.o(.text)
    TAMPER_IRQHandler                        0x0800011f   Thumb Code     0  startup_stm32f103xb.o(.text)
    TIM1_BRK_IRQHandler                      0x0800011f   Thumb Code     0  startup_stm32f103xb.o(.text)
    TIM1_CC_IRQHandler                       0x0800011f   Thumb Code     0  startup_stm32f103xb.o(.text)
    TIM1_TRG_COM_IRQHandler                  0x0800011f   Thumb Code     0  startup_stm32f103xb.o(.text)
    TIM1_UP_IRQHandler                       0x0800011f   Thumb Code     0  startup_stm32f103xb.o(.text)
    TIM3_IRQHandler                          0x0800011f   Thumb Code     0  startup_stm32f103xb.o(.text)
    TIM4_IRQHandler                          0x0800011f   Thumb Code     0  startup_stm32f103xb.o(.text)
    USART1_IRQHandler                        0x0800011f   Thumb Code     0  startup_stm32f103xb.o(.text)
    USART3_IRQHandler                        0x0800011f   Thumb Code     0  startup_stm32f103xb.o(.text)
    USBWakeUp_IRQHandler                     0x0800011f   Thumb Code     0  startup_stm32f103xb.o(.text)
    USB_HP_CAN1_TX_IRQHandler                0x0800011f   Thumb Code     0  startup_stm32f103xb.o(.text)
    USB_LP_CAN1_RX0_IRQHandler               0x0800011f   Thumb Code     0  startup_stm32f103xb.o(.text)
    WWDG_IRQHandler                          0x0800011f   Thumb Code     0  startup_stm32f103xb.o(.text)
    __aeabi_llsr                             0x08000129   Thumb Code    32  llushr.o(.text)
    _ll_ushift_r                             0x08000129   Thumb Code     0  llushr.o(.text)
    __aeabi_memset                           0x08000149   Thumb Code    14  memseta.o(.text)
    __aeabi_memset4                          0x08000149   Thumb Code     0  memseta.o(.text)
    __aeabi_memset8                          0x08000149   Thumb Code     0  memseta.o(.text)
    __aeabi_memclr                           0x08000157   Thumb Code     4  memseta.o(.text)
    __aeabi_memclr4                          0x08000157   Thumb Code     0  memseta.o(.text)
    __aeabi_memclr8                          0x08000157   Thumb Code     0  memseta.o(.text)
    _memset$wrapper                          0x0800015b   Thumb Code    18  memseta.o(.text)
    __aeabi_fadd                             0x0800016d   Thumb Code   164  fadd.o(.text)
    __aeabi_fsub                             0x08000211   Thumb Code     6  fadd.o(.text)
    __aeabi_frsub                            0x08000217   Thumb Code     6  fadd.o(.text)
    __aeabi_fmul                             0x0800021d   Thumb Code   100  fmul.o(.text)
    __aeabi_fdiv                             0x08000281   Thumb Code   124  fdiv.o(.text)
    __ARM_scalbnf                            0x080002fd   Thumb Code    24  fscalb.o(.text)
    scalbnf                                  0x080002fd   Thumb Code     0  fscalb.o(.text)
    __aeabi_dadd                             0x08000315   Thumb Code   322  dadd.o(.text)
    __aeabi_dsub                             0x08000457   Thumb Code     6  dadd.o(.text)
    __aeabi_drsub                            0x0800045d   Thumb Code     6  dadd.o(.text)
    __aeabi_dmul                             0x08000463   Thumb Code   228  dmul.o(.text)
    __aeabi_ddiv                             0x08000547   Thumb Code   222  ddiv.o(.text)
    __aeabi_i2f                              0x08000625   Thumb Code    18  fflti.o(.text)
    __aeabi_ui2f                             0x08000637   Thumb Code    10  ffltui.o(.text)
    __aeabi_i2d                              0x08000641   Thumb Code    34  dflti.o(.text)
    __aeabi_f2d                              0x08000663   Thumb Code    38  f2d.o(.text)
    __aeabi_d2f                              0x08000689   Thumb Code    56  d2f.o(.text)
    __aeabi_uidiv                            0x080006c1   Thumb Code     0  uidiv.o(.text)
    __aeabi_uidivmod                         0x080006c1   Thumb Code    44  uidiv.o(.text)
    __aeabi_uldivmod                         0x080006ed   Thumb Code    98  uldiv.o(.text)
    __aeabi_llsl                             0x0800074f   Thumb Code    30  llshl.o(.text)
    _ll_shift_l                              0x0800074f   Thumb Code     0  llshl.o(.text)
    __aeabi_lasr                             0x0800076d   Thumb Code    36  llsshr.o(.text)
    _ll_sshift_r                             0x0800076d   Thumb Code     0  llsshr.o(.text)
    __I$use$fp                               0x08000791   Thumb Code     0  iusefp.o(.text)
    _float_round                             0x08000791   Thumb Code    18  fepilogue.o(.text)
    _float_epilogue                          0x080007a3   Thumb Code    92  fepilogue.o(.text)
    _double_round                            0x080007ff   Thumb Code    30  depilogue.o(.text)
    _double_epilogue                         0x0800081d   Thumb Code   156  depilogue.o(.text)
    __ARM_scalbn                             0x080008b9   Thumb Code    46  dscalb.o(.text)
    scalbn                                   0x080008b9   Thumb Code     0  dscalb.o(.text)
    __aeabi_d2ulz                            0x080008e7   Thumb Code    48  dfixul.o(.text)
    __aeabi_cdcmpeq                          0x08000919   Thumb Code     0  cdcmple.o(.text)
    __aeabi_cdcmple                          0x08000919   Thumb Code    48  cdcmple.o(.text)
    __aeabi_cdrcmple                         0x08000949   Thumb Code    48  cdrcmple.o(.text)
    __scatterload                            0x08000979   Thumb Code    28  init.o(.text)
    __scatterload_rt2                        0x08000979   Thumb Code     0  init.o(.text)
    _dsqrt                                   0x0800099d   Thumb Code   162  dsqrt.o(.text)
    BusFault_Handler                         0x08000a3f   Thumb Code     2  stm32f1xx_it.o(i.BusFault_Handler)
    DebugMon_Handler                         0x08000a41   Thumb Code     2  stm32f1xx_it.o(i.DebugMon_Handler)
    Delay_ms                                 0x08000a43   Thumb Code    26  delay.o(i.Delay_ms)
    Delay_us                                 0x08000a5d   Thumb Code    48  delay.o(i.Delay_us)
    Error_Handler                            0x08000a91   Thumb Code     4  main.o(i.Error_Handler)
    HAL_DMA_Abort                            0x08000a95   Thumb Code    70  stm32f1xx_hal_dma.o(i.HAL_DMA_Abort)
    HAL_DMA_Abort_IT                         0x08000add   Thumb Code   148  stm32f1xx_hal_dma.o(i.HAL_DMA_Abort_IT)
    HAL_GPIO_Init                            0x08000b75   Thumb Code   446  stm32f1xx_hal_gpio.o(i.HAL_GPIO_Init)
    HAL_GPIO_ReadPin                         0x08000d55   Thumb Code    10  stm32f1xx_hal_gpio.o(i.HAL_GPIO_ReadPin)
    HAL_GPIO_WritePin                        0x08000d5f   Thumb Code    10  stm32f1xx_hal_gpio.o(i.HAL_GPIO_WritePin)
    HAL_GetTick                              0x08000d69   Thumb Code     6  stm32f1xx_hal.o(i.HAL_GetTick)
    HAL_IncTick                              0x08000d75   Thumb Code    12  stm32f1xx_hal.o(i.HAL_IncTick)
    HAL_Init                                 0x08000d85   Thumb Code    32  stm32f1xx_hal.o(i.HAL_Init)
    HAL_InitTick                             0x08000da9   Thumb Code    54  stm32f1xx_hal.o(i.HAL_InitTick)
    HAL_MspInit                              0x08000de9   Thumb Code    52  stm32f1xx_hal_msp.o(i.HAL_MspInit)
    HAL_NVIC_EnableIRQ                       0x08000e25   Thumb Code    26  stm32f1xx_hal_cortex.o(i.HAL_NVIC_EnableIRQ)
    HAL_NVIC_SetPriority                     0x08000e41   Thumb Code    60  stm32f1xx_hal_cortex.o(i.HAL_NVIC_SetPriority)
    HAL_NVIC_SetPriorityGrouping             0x08000e81   Thumb Code    26  stm32f1xx_hal_cortex.o(i.HAL_NVIC_SetPriorityGrouping)
    HAL_RCC_ClockConfig                      0x08000ea5   Thumb Code   280  stm32f1xx_hal_rcc.o(i.HAL_RCC_ClockConfig)
    HAL_RCC_GetPCLK1Freq                     0x08000fd1   Thumb Code    20  stm32f1xx_hal_rcc.o(i.HAL_RCC_GetPCLK1Freq)
    HAL_RCC_GetPCLK2Freq                     0x08000ff1   Thumb Code    20  stm32f1xx_hal_rcc.o(i.HAL_RCC_GetPCLK2Freq)
    HAL_RCC_GetSysClockFreq                  0x08001011   Thumb Code    58  stm32f1xx_hal_rcc.o(i.HAL_RCC_GetSysClockFreq)
    HAL_RCC_OscConfig                        0x0800105d   Thumb Code   778  stm32f1xx_hal_rcc.o(i.HAL_RCC_OscConfig)
    HAL_SYSTICK_CLKSourceConfig              0x0800137d   Thumb Code    24  stm32f1xx_hal_cortex.o(i.HAL_SYSTICK_CLKSourceConfig)
    HAL_SYSTICK_Config                       0x08001395   Thumb Code    40  stm32f1xx_hal_cortex.o(i.HAL_SYSTICK_Config)
    HAL_TIMEx_BreakCallback                  0x080013bd   Thumb Code     2  stm32f1xx_hal_tim_ex.o(i.HAL_TIMEx_BreakCallback)
    HAL_TIMEx_CommutCallback                 0x080013bf   Thumb Code     2  stm32f1xx_hal_tim_ex.o(i.HAL_TIMEx_CommutCallback)
    HAL_TIMEx_MasterConfigSynchronization    0x080013c1   Thumb Code    92  stm32f1xx_hal_tim_ex.o(i.HAL_TIMEx_MasterConfigSynchronization)
    HAL_TIM_Base_Init                        0x08001429   Thumb Code    90  stm32f1xx_hal_tim.o(i.HAL_TIM_Base_Init)
    HAL_TIM_Base_MspInit                     0x08001485   Thumb Code    50  tim.o(i.HAL_TIM_Base_MspInit)
    HAL_TIM_Base_Start_IT                    0x080014bd   Thumb Code    76  stm32f1xx_hal_tim.o(i.HAL_TIM_Base_Start_IT)
    HAL_TIM_ConfigClockSource                0x08001515   Thumb Code   220  stm32f1xx_hal_tim.o(i.HAL_TIM_ConfigClockSource)
    HAL_TIM_IC_CaptureCallback               0x080015f1   Thumb Code     2  stm32f1xx_hal_tim.o(i.HAL_TIM_IC_CaptureCallback)
    HAL_TIM_IRQHandler                       0x080015f3   Thumb Code   304  stm32f1xx_hal_tim.o(i.HAL_TIM_IRQHandler)
    HAL_TIM_OC_DelayElapsedCallback          0x08001723   Thumb Code     2  stm32f1xx_hal_tim.o(i.HAL_TIM_OC_DelayElapsedCallback)
    HAL_TIM_PWM_PulseFinishedCallback        0x08001725   Thumb Code     2  stm32f1xx_hal_tim.o(i.HAL_TIM_PWM_PulseFinishedCallback)
    HAL_TIM_PeriodElapsedCallback            0x08001729   Thumb Code    18  stm32f1xx_it.o(i.HAL_TIM_PeriodElapsedCallback)
    HAL_TIM_TriggerCallback                  0x08001741   Thumb Code     2  stm32f1xx_hal_tim.o(i.HAL_TIM_TriggerCallback)
    HAL_UARTEx_RxEventCallback               0x08001743   Thumb Code     2  stm32f1xx_hal_uart.o(i.HAL_UARTEx_RxEventCallback)
    HAL_UART_ErrorCallback                   0x08001745   Thumb Code     2  stm32f1xx_hal_uart.o(i.HAL_UART_ErrorCallback)
    HAL_UART_IRQHandler                      0x08001749   Thumb Code   616  stm32f1xx_hal_uart.o(i.HAL_UART_IRQHandler)
    HAL_UART_Init                            0x080019b5   Thumb Code   100  stm32f1xx_hal_uart.o(i.HAL_UART_Init)
    HAL_UART_MspInit                         0x08001a19   Thumb Code   114  usart.o(i.HAL_UART_MspInit)
    HAL_UART_RxCpltCallback                  0x08001a99   Thumb Code     2  stm32f1xx_hal_uart.o(i.HAL_UART_RxCpltCallback)
    HAL_UART_TxCpltCallback                  0x08001a9b   Thumb Code     2  stm32f1xx_hal_uart.o(i.HAL_UART_TxCpltCallback)
    HardFault_Handler                        0x08001a9d   Thumb Code     2  stm32f1xx_it.o(i.HardFault_Handler)
    IIC2_Ack                                 0x08001aa1   Thumb Code    86  myiic.o(i.IIC2_Ack)
    IIC2_NAck                                0x08001afd   Thumb Code    86  myiic.o(i.IIC2_NAck)
    IIC2_Read_Byte                           0x08001b59   Thumb Code   116  myiic.o(i.IIC2_Read_Byte)
    IIC2_START                               0x08001bd1   Thumb Code    88  myiic.o(i.IIC2_START)
    IIC2_STOP                                0x08001c2d   Thumb Code    62  myiic.o(i.IIC2_STOP)
    IIC2_Send_Byte                           0x08001c71   Thumb Code   116  myiic.o(i.IIC2_Send_Byte)
    IIC2_Wait_Ack                            0x08001ce9   Thumb Code   106  myiic.o(i.IIC2_Wait_Ack)
    IIC_Ack                                  0x08001d59   Thumb Code    90  myiic.o(i.IIC_Ack)
    IIC_NAck                                 0x08001db9   Thumb Code    90  myiic.o(i.IIC_NAck)
    IIC_Read_Byte                            0x08001e19   Thumb Code   120  myiic.o(i.IIC_Read_Byte)
    IIC_Read_Bytes                           0x08001e95   Thumb Code    92  myiic.o(i.IIC_Read_Bytes)
    IIC_START                                0x08001ef1   Thumb Code    90  myiic.o(i.IIC_START)
    IIC_STOP                                 0x08001f51   Thumb Code    66  myiic.o(i.IIC_STOP)
    IIC_Send_Byte                            0x08001f99   Thumb Code   124  myiic.o(i.IIC_Send_Byte)
    IIC_Wait_Ack                             0x08002019   Thumb Code   112  myiic.o(i.IIC_Wait_Ack)
    IIC_Write_Bytes                          0x0800208d   Thumb Code    68  myiic.o(i.IIC_Write_Bytes)
    IMU_AHRSupdate                           0x080020d1   Thumb Code  1128  imu.o(i.IMU_AHRSupdate)
    IMU_getQ                                 0x08002539   Thumb Code   124  imu.o(i.IMU_getQ)
    IMU_getValues                            0x080025c5   Thumb Code   176  imu.o(i.IMU_getValues)
    IMU_getYawPitchRoll                      0x08002685   Thumb Code   344  imu.o(i.IMU_getYawPitchRoll)
    IMU_init                                 0x080027e9   Thumb Code    42  imu.o(i.IMU_init)
    MX_GPIO_Init                             0x0800281d   Thumb Code   200  gpio.o(i.MX_GPIO_Init)
    MX_TIM2_Init                             0x080028f1   Thumb Code    94  tim.o(i.MX_TIM2_Init)
    MX_USART2_UART_Init                      0x08002955   Thumb Code    48  usart.o(i.MX_USART2_UART_Init)
    MemManage_Handler                        0x0800298d   Thumb Code     2  stm32f1xx_it.o(i.MemManage_Handler)
    NMI_Handler                              0x0800298f   Thumb Code     2  stm32f1xx_it.o(i.NMI_Handler)
    PendSV_Handler                           0x08002991   Thumb Code     2  stm32f1xx_it.o(i.PendSV_Handler)
    SVC_Handler                              0x08002993   Thumb Code     2  stm32f1xx_it.o(i.SVC_Handler)
    SysTick_Handler                          0x08002995   Thumb Code    14  stm32f1xx_it.o(i.SysTick_Handler)
    SystemClock_Config                       0x080029a3   Thumb Code    94  main.o(i.SystemClock_Config)
    SystemInit                               0x08002a01   Thumb Code     2  system_stm32f1xx.o(i.SystemInit)
    TIM2_IRQHandler                          0x08002a05   Thumb Code     6  stm32f1xx_it.o(i.TIM2_IRQHandler)
    TIM_Base_SetConfig                       0x08002a11   Thumb Code   108  stm32f1xx_hal_tim.o(i.TIM_Base_SetConfig)
    TIM_ETR_SetConfig                        0x08002a89   Thumb Code    20  stm32f1xx_hal_tim.o(i.TIM_ETR_SetConfig)
    TaskHandler                              0x08002af5   Thumb Code    36  task.o(i.TaskHandler)
    TaskSchedule                             0x08002b1d   Thumb Code    44  task.o(i.TaskSchedule)
    USART2_IRQHandler                        0x08002d25   Thumb Code     6  stm32f1xx_it.o(i.USART2_IRQHandler)
    UsageFault_Handler                       0x08002d31   Thumb Code     2  stm32f1xx_it.o(i.UsageFault_Handler)
    __0printf                                0x08002d35   Thumb Code    22  printfa.o(i.__0printf)
    __1printf                                0x08002d35   Thumb Code     0  printfa.o(i.__0printf)
    __2printf                                0x08002d35   Thumb Code     0  printfa.o(i.__0printf)
    __c89printf                              0x08002d35   Thumb Code     0  printfa.o(i.__0printf)
    printf                                   0x08002d35   Thumb Code     0  printfa.o(i.__0printf)
    __ARM_fpclassify                         0x08002d55   Thumb Code    40  fpclassify.o(i.__ARM_fpclassify)
    __kernel_poly                            0x08002d9d   Thumb Code   170  poly.o(i.__kernel_poly)
    __mathlib_dbl_infnan                     0x08002e47   Thumb Code     6  dunder.o(i.__mathlib_dbl_infnan)
    __mathlib_dbl_infnan2                    0x08002e4d   Thumb Code     4  dunder.o(i.__mathlib_dbl_infnan2)
    __mathlib_dbl_invalid                    0x08002e51   Thumb Code    12  dunder.o(i.__mathlib_dbl_invalid)
    __mathlib_dbl_underflow                  0x08002e5d   Thumb Code    10  dunder.o(i.__mathlib_dbl_underflow)
    __scatterload_copy                       0x08002e6d   Thumb Code    14  handlers.o(i.__scatterload_copy)
    __scatterload_null                       0x08002e7b   Thumb Code     2  handlers.o(i.__scatterload_null)
    __scatterload_zeroinit                   0x08002e7d   Thumb Code    14  handlers.o(i.__scatterload_zeroinit)
    __set_errno                              0x08002e8d   Thumb Code     6  errno.o(i.__set_errno)
    asin                                     0x08003725   Thumb Code   572  asin.o(i.asin)
    atan                                     0x08003995   Thumb Code   474  atan.o(i.atan)
    atan2                                    0x08003bb5   Thumb Code   374  atan2.o(i.atan2)
    bsp_Icm42688GetAres                      0x08003d51   Thumb Code    38  icm42688.o(i.bsp_Icm42688GetAres)
    bsp_Icm42688GetGres                      0x08003d8d   Thumb Code    56  icm42688.o(i.bsp_Icm42688GetGres)
    bsp_Icm42688Init                         0x08003de9   Thumb Code     4  icm42688.o(i.bsp_Icm42688Init)
    bsp_Icm42688RegCfg                       0x08003ded   Thumb Code   124  icm42688.o(i.bsp_Icm42688RegCfg)
    bsp_IcmGetRawData                        0x08003e69   Thumb Code   162  icm42688.o(i.bsp_IcmGetRawData)
    calGyroVariance                          0x08003f15   Thumb Code   438  imu.o(i.calGyroVariance)
    delay_init                               0x080040dd   Thumb Code    16  delay.o(i.delay_init)
    fputc                                    0x080040f1   Thumb Code    18  usart.o(i.fputc)
    icm42688Task                             0x08004109   Thumb Code     6  icm42688.o(i.icm42688Task)
    invSqrt1                                 0x08004155   Thumb Code    48  imu.o(i.invSqrt1)
    main                                     0x08004189   Thumb Code    54  main.o(i.main)
    max30102CalcTask                         0x080041c5   Thumb Code   112  max30102.o(i.max30102CalcTask)
    max30102SampleTask                       0x0800423d   Thumb Code   264  max30102.o(i.max30102SampleTask)
    max30102_Bus_Read                        0x08004351   Thumb Code    72  max30102.o(i.max30102_Bus_Read)
    max30102_Bus_Write                       0x08004399   Thumb Code    62  max30102.o(i.max30102_Bus_Write)
    max30102_FIFO_ReadBytes                  0x080043d7   Thumb Code   106  max30102.o(i.max30102_FIFO_ReadBytes)
    maxim_find_peaks                         0x08004505   Thumb Code    50  algorithm.o(i.maxim_find_peaks)
    maxim_heart_rate_and_oxygen_saturation   0x08004539   Thumb Code   936  algorithm.o(i.maxim_heart_rate_and_oxygen_saturation)
    maxim_peaks_above_min_height             0x080048f5   Thumb Code   106  algorithm.o(i.maxim_peaks_above_min_height)
    maxim_remove_close_peaks                 0x08004961   Thumb Code   108  algorithm.o(i.maxim_remove_close_peaks)
    maxim_sort_ascend                        0x080049cd   Thumb Code    50  algorithm.o(i.maxim_sort_ascend)
    maxim_sort_indices_descend               0x08004a01   Thumb Code    58  algorithm.o(i.maxim_sort_indices_descend)
    printTask                                0x08004a3d   Thumb Code   102  icm42688.o(i.printTask)
    sqrt                                     0x08004ae1   Thumb Code    76  sqrt.o(i.sqrt)
    test_gpio_Init                           0x08004b2d   Thumb Code    72  gpio.o(i.test_gpio_Init)
    AHBPrescTable                            0x08004b8e   Data          16  system_stm32f1xx.o(.constdata)
    APBPrescTable                            0x08004b9e   Data           8  system_stm32f1xx.o(.constdata)
    auw_hamm                                 0x08004ba6   Data          62  algorithm.o(.constdata)
    uch_spo2_table                           0x08004be4   Data         184  algorithm.o(.constdata)
    __mathlib_zero                           0x08004d88   Data           8  qnan.o(.constdata)
    Region$$Table$$Base                      0x08004d90   Number         0  anon$$obj.o(Region$$Table)
    Region$$Table$$Limit                     0x08004db0   Number         0  anon$$obj.o(Region$$Table)
    nowtime                                  0x20000000   Data           4  stm32f1xx_it.o(.data)
    uwTickFreq                               0x20000004   Data           1  stm32f1xx_hal.o(.data)
    uwTickPrio                               0x20000008   Data           4  stm32f1xx_hal.o(.data)
    uwTick                                   0x2000000c   Data           4  stm32f1xx_hal.o(.data)
    SystemCoreClock                          0x20000010   Data           4  system_stm32f1xx.o(.data)
    CalCount                                 0x20000028   Data           4  imu.o(.data)
    exInt                                    0x2000002c   Data           4  imu.o(.data)
    eyInt                                    0x20000030   Data           4  imu.o(.data)
    ezInt                                    0x20000034   Data           4  imu.o(.data)
    q0                                       0x20000038   Data           4  imu.o(.data)
    q1                                       0x2000003c   Data           4  imu.o(.data)
    q2                                       0x20000040   Data           4  imu.o(.data)
    q3                                       0x20000044   Data           4  imu.o(.data)
    lastUpdate                               0x20000048   Data           4  imu.o(.data)
    now                                      0x2000004c   Data           4  imu.o(.data)
    __stdout                                 0x20000094   Data           4  stdout.o(.data)
    htim2                                    0x2000009c   Data          72  tim.o(.bss)
    huart2                                   0x200000e4   Data          72  usart.o(.bss)
    buffer                                   0x2000012c   Data          12  icm42688.o(.bss)
    ypr                                      0x20000138   Data          12  icm42688.o(.bss)
    gyro_offset                              0x20000148   Data          12  imu.o(.bss)
    north                                    0x20000154   Data          12  imu.o(.bss)
    west                                     0x20000160   Data          12  imu.o(.bss)
    TTangles_gyro                            0x2000016c   Data          28  imu.o(.bss)
    accval                                   0x20001dd8   Data          12  imu.o(.bss)
    gyroval                                  0x20001de4   Data          12  imu.o(.bss)
    mygetqval                                0x20001df0   Data          36  imu.o(.bss)
    aun_red_buffer                           0x20001e14   Data        2000  max30102.o(.bss)
    aun_ir_buffer                            0x200025e4   Data        2000  max30102.o(.bss)
    __initial_sp                             0x20004918   Data           0  startup_stm32f103xb.o(STACK)



==============================================================================

Memory Map of the image

  Image Entry point : 0x080000ed

  Load Region LR_IROM1 (Base: 0x08000000, Size: 0x00004e4c, Max: 0x00010000, ABSOLUTE)

    Execution Region ER_IROM1 (Exec base: 0x08000000, Load base: 0x08000000, Size: 0x00004db0, Max: 0x00010000, ABSOLUTE)

    Exec Addr    Load Addr    Size         Type   Attr      Idx    E Section Name        Object

    0x08000000   0x08000000   0x000000ec   Data   RO            3    RESET               startup_stm32f103xb.o
    0x080000ec   0x080000ec   0x00000000   Code   RO         3588  * .ARM.Collect$$$$00000000  mc_w.l(entry.o)
    0x080000ec   0x080000ec   0x00000004   Code   RO         3919    .ARM.Collect$$$$00000001  mc_w.l(entry2.o)
    0x080000f0   0x080000f0   0x00000004   Code   RO         3922    .ARM.Collect$$$$00000004  mc_w.l(entry5.o)
    0x080000f4   0x080000f4   0x00000000   Code   RO         3924    .ARM.Collect$$$$00000008  mc_w.l(entry7b.o)
    0x080000f4   0x080000f4   0x00000000   Code   RO         3926    .ARM.Collect$$$$0000000A  mc_w.l(entry8b.o)
    0x080000f4   0x080000f4   0x00000008   Code   RO         3927    .ARM.Collect$$$$0000000B  mc_w.l(entry9a.o)
    0x080000fc   0x080000fc   0x00000004   Code   RO         3934    .ARM.Collect$$$$0000000E  mc_w.l(entry12b.o)
    0x08000100   0x08000100   0x00000000   Code   RO         3929    .ARM.Collect$$$$0000000F  mc_w.l(entry10a.o)
    0x08000100   0x08000100   0x00000000   Code   RO         3931    .ARM.Collect$$$$00000011  mc_w.l(entry11a.o)
    0x08000100   0x08000100   0x00000004   Code   RO         3920    .ARM.Collect$$$$00002712  mc_w.l(entry2.o)
    0x08000104   0x08000104   0x00000024   Code   RO            4    .text               startup_stm32f103xb.o
    0x08000128   0x08000128   0x00000020   Code   RO         3591    .text               mc_w.l(llushr.o)
    0x08000148   0x08000148   0x00000024   Code   RO         3593    .text               mc_w.l(memseta.o)
    0x0800016c   0x0800016c   0x000000b0   Code   RO         3856    .text               mf_w.l(fadd.o)
    0x0800021c   0x0800021c   0x00000064   Code   RO         3858    .text               mf_w.l(fmul.o)
    0x08000280   0x08000280   0x0000007c   Code   RO         3860    .text               mf_w.l(fdiv.o)
    0x080002fc   0x080002fc   0x00000018   Code   RO         3862    .text               mf_w.l(fscalb.o)
    0x08000314   0x08000314   0x0000014e   Code   RO         3864    .text               mf_w.l(dadd.o)
    0x08000462   0x08000462   0x000000e4   Code   RO         3866    .text               mf_w.l(dmul.o)
    0x08000546   0x08000546   0x000000de   Code   RO         3868    .text               mf_w.l(ddiv.o)
    0x08000624   0x08000624   0x00000012   Code   RO         3870    .text               mf_w.l(fflti.o)
    0x08000636   0x08000636   0x0000000a   Code   RO         3872    .text               mf_w.l(ffltui.o)
    0x08000640   0x08000640   0x00000022   Code   RO         3874    .text               mf_w.l(dflti.o)
    0x08000662   0x08000662   0x00000026   Code   RO         3878    .text               mf_w.l(f2d.o)
    0x08000688   0x08000688   0x00000038   Code   RO         3880    .text               mf_w.l(d2f.o)
    0x080006c0   0x080006c0   0x0000002c   Code   RO         3936    .text               mc_w.l(uidiv.o)
    0x080006ec   0x080006ec   0x00000062   Code   RO         3938    .text               mc_w.l(uldiv.o)
    0x0800074e   0x0800074e   0x0000001e   Code   RO         3940    .text               mc_w.l(llshl.o)
    0x0800076c   0x0800076c   0x00000024   Code   RO         3942    .text               mc_w.l(llsshr.o)
    0x08000790   0x08000790   0x00000000   Code   RO         3951    .text               mc_w.l(iusefp.o)
    0x08000790   0x08000790   0x0000006e   Code   RO         3952    .text               mf_w.l(fepilogue.o)
    0x080007fe   0x080007fe   0x000000ba   Code   RO         3954    .text               mf_w.l(depilogue.o)
    0x080008b8   0x080008b8   0x0000002e   Code   RO         3956    .text               mf_w.l(dscalb.o)
    0x080008e6   0x080008e6   0x00000030   Code   RO         3958    .text               mf_w.l(dfixul.o)
    0x08000916   0x08000916   0x00000002   PAD
    0x08000918   0x08000918   0x00000030   Code   RO         3960    .text               mf_w.l(cdcmple.o)
    0x08000948   0x08000948   0x00000030   Code   RO         3962    .text               mf_w.l(cdrcmple.o)
    0x08000978   0x08000978   0x00000024   Code   RO         3964    .text               mc_w.l(init.o)
    0x0800099c   0x0800099c   0x000000a2   Code   RO         3966    .text               mf_w.l(dsqrt.o)
    0x08000a3e   0x08000a3e   0x00000002   Code   RO          392    i.BusFault_Handler  stm32f1xx_it.o
    0x08000a40   0x08000a40   0x00000002   Code   RO          393    i.DebugMon_Handler  stm32f1xx_it.o
    0x08000a42   0x08000a42   0x0000001a   Code   RO         3532    i.Delay_ms          delay.o
    0x08000a5c   0x08000a5c   0x00000034   Code   RO         3533    i.Delay_us          delay.o
    0x08000a90   0x08000a90   0x00000004   Code   RO           13    i.Error_Handler     main.o
    0x08000a94   0x08000a94   0x00000046   Code   RO         1907    i.HAL_DMA_Abort     stm32f1xx_hal_dma.o
    0x08000ada   0x08000ada   0x00000002   PAD
    0x08000adc   0x08000adc   0x00000098   Code   RO         1908    i.HAL_DMA_Abort_IT  stm32f1xx_hal_dma.o
    0x08000b74   0x08000b74   0x000001e0   Code   RO         1843    i.HAL_GPIO_Init     stm32f1xx_hal_gpio.o
    0x08000d54   0x08000d54   0x0000000a   Code   RO         1845    i.HAL_GPIO_ReadPin  stm32f1xx_hal_gpio.o
    0x08000d5e   0x08000d5e   0x0000000a   Code   RO         1847    i.HAL_GPIO_WritePin  stm32f1xx_hal_gpio.o
    0x08000d68   0x08000d68   0x0000000c   Code   RO         1537    i.HAL_GetTick       stm32f1xx_hal.o
    0x08000d74   0x08000d74   0x00000010   Code   RO         1543    i.HAL_IncTick       stm32f1xx_hal.o
    0x08000d84   0x08000d84   0x00000024   Code   RO         1544    i.HAL_Init          stm32f1xx_hal.o
    0x08000da8   0x08000da8   0x00000040   Code   RO         1545    i.HAL_InitTick      stm32f1xx_hal.o
    0x08000de8   0x08000de8   0x0000003c   Code   RO          493    i.HAL_MspInit       stm32f1xx_hal_msp.o
    0x08000e24   0x08000e24   0x0000001a   Code   RO         2003    i.HAL_NVIC_EnableIRQ  stm32f1xx_hal_cortex.o
    0x08000e3e   0x08000e3e   0x00000002   PAD
    0x08000e40   0x08000e40   0x00000040   Code   RO         2009    i.HAL_NVIC_SetPriority  stm32f1xx_hal_cortex.o
    0x08000e80   0x08000e80   0x00000024   Code   RO         2010    i.HAL_NVIC_SetPriorityGrouping  stm32f1xx_hal_cortex.o
    0x08000ea4   0x08000ea4   0x0000012c   Code   RO         1701    i.HAL_RCC_ClockConfig  stm32f1xx_hal_rcc.o
    0x08000fd0   0x08000fd0   0x00000020   Code   RO         1708    i.HAL_RCC_GetPCLK1Freq  stm32f1xx_hal_rcc.o
    0x08000ff0   0x08000ff0   0x00000020   Code   RO         1709    i.HAL_RCC_GetPCLK2Freq  stm32f1xx_hal_rcc.o
    0x08001010   0x08001010   0x0000004c   Code   RO         1710    i.HAL_RCC_GetSysClockFreq  stm32f1xx_hal_rcc.o
    0x0800105c   0x0800105c   0x00000320   Code   RO         1713    i.HAL_RCC_OscConfig  stm32f1xx_hal_rcc.o
    0x0800137c   0x0800137c   0x00000018   Code   RO         2012    i.HAL_SYSTICK_CLKSourceConfig  stm32f1xx_hal_cortex.o
    0x08001394   0x08001394   0x00000028   Code   RO         2014    i.HAL_SYSTICK_Config  stm32f1xx_hal_cortex.o
    0x080013bc   0x080013bc   0x00000002   Code   RO         1259    i.HAL_TIMEx_BreakCallback  stm32f1xx_hal_tim_ex.o
    0x080013be   0x080013be   0x00000002   Code   RO         1260    i.HAL_TIMEx_CommutCallback  stm32f1xx_hal_tim_ex.o
    0x080013c0   0x080013c0   0x00000068   Code   RO         1278    i.HAL_TIMEx_MasterConfigSynchronization  stm32f1xx_hal_tim_ex.o
    0x08001428   0x08001428   0x0000005a   Code   RO          555    i.HAL_TIM_Base_Init  stm32f1xx_hal_tim.o
    0x08001482   0x08001482   0x00000002   PAD
    0x08001484   0x08001484   0x00000038   Code   RO          218    i.HAL_TIM_Base_MspInit  tim.o
    0x080014bc   0x080014bc   0x00000058   Code   RO          560    i.HAL_TIM_Base_Start_IT  stm32f1xx_hal_tim.o
    0x08001514   0x08001514   0x000000dc   Code   RO          564    i.HAL_TIM_ConfigClockSource  stm32f1xx_hal_tim.o
    0x080015f0   0x080015f0   0x00000002   Code   RO          589    i.HAL_TIM_IC_CaptureCallback  stm32f1xx_hal_tim.o
    0x080015f2   0x080015f2   0x00000130   Code   RO          603    i.HAL_TIM_IRQHandler  stm32f1xx_hal_tim.o
    0x08001722   0x08001722   0x00000002   Code   RO          606    i.HAL_TIM_OC_DelayElapsedCallback  stm32f1xx_hal_tim.o
    0x08001724   0x08001724   0x00000002   Code   RO          633    i.HAL_TIM_PWM_PulseFinishedCallback  stm32f1xx_hal_tim.o
    0x08001726   0x08001726   0x00000002   PAD
    0x08001728   0x08001728   0x00000018   Code   RO          394    i.HAL_TIM_PeriodElapsedCallback  stm32f1xx_it.o
    0x08001740   0x08001740   0x00000002   Code   RO          646    i.HAL_TIM_TriggerCallback  stm32f1xx_hal_tim.o
    0x08001742   0x08001742   0x00000002   Code   RO         2515    i.HAL_UARTEx_RxEventCallback  stm32f1xx_hal_uart.o
    0x08001744   0x08001744   0x00000002   Code   RO         2529    i.HAL_UART_ErrorCallback  stm32f1xx_hal_uart.o
    0x08001746   0x08001746   0x00000002   PAD
    0x08001748   0x08001748   0x0000026c   Code   RO         2532    i.HAL_UART_IRQHandler  stm32f1xx_hal_uart.o
    0x080019b4   0x080019b4   0x00000064   Code   RO         2533    i.HAL_UART_Init     stm32f1xx_hal_uart.o
    0x08001a18   0x08001a18   0x00000080   Code   RO          341    i.HAL_UART_MspInit  usart.o
    0x08001a98   0x08001a98   0x00000002   Code   RO         2539    i.HAL_UART_RxCpltCallback  stm32f1xx_hal_uart.o
    0x08001a9a   0x08001a9a   0x00000002   Code   RO         2544    i.HAL_UART_TxCpltCallback  stm32f1xx_hal_uart.o
    0x08001a9c   0x08001a9c   0x00000002   Code   RO          395    i.HardFault_Handler  stm32f1xx_it.o
    0x08001a9e   0x08001a9e   0x00000002   PAD
    0x08001aa0   0x08001aa0   0x0000005c   Code   RO         2904    i.IIC2_Ack          myiic.o
    0x08001afc   0x08001afc   0x0000005c   Code   RO         2906    i.IIC2_NAck         myiic.o
    0x08001b58   0x08001b58   0x00000078   Code   RO         2907    i.IIC2_Read_Byte    myiic.o
    0x08001bd0   0x08001bd0   0x0000005c   Code   RO         2910    i.IIC2_START        myiic.o
    0x08001c2c   0x08001c2c   0x00000044   Code   RO         2911    i.IIC2_STOP         myiic.o
    0x08001c70   0x08001c70   0x00000078   Code   RO         2912    i.IIC2_Send_Byte    myiic.o
    0x08001ce8   0x08001ce8   0x00000070   Code   RO         2913    i.IIC2_Wait_Ack     myiic.o
    0x08001d58   0x08001d58   0x00000060   Code   RO         2918    i.IIC_Ack           myiic.o
    0x08001db8   0x08001db8   0x00000060   Code   RO         2920    i.IIC_NAck          myiic.o
    0x08001e18   0x08001e18   0x0000007c   Code   RO         2921    i.IIC_Read_Byte     myiic.o
    0x08001e94   0x08001e94   0x0000005c   Code   RO         2922    i.IIC_Read_Bytes    myiic.o
    0x08001ef0   0x08001ef0   0x00000060   Code   RO         2924    i.IIC_START         myiic.o
    0x08001f50   0x08001f50   0x00000048   Code   RO         2925    i.IIC_STOP          myiic.o
    0x08001f98   0x08001f98   0x00000080   Code   RO         2926    i.IIC_Send_Byte     myiic.o
    0x08002018   0x08002018   0x00000074   Code   RO         2927    i.IIC_Wait_Ack      myiic.o
    0x0800208c   0x0800208c   0x00000044   Code   RO         2931    i.IIC_Write_Bytes   myiic.o
    0x080020d0   0x080020d0   0x00000468   Code   RO         3202    i.IMU_AHRSupdate    imu.o
    0x08002538   0x08002538   0x0000008c   Code   RO         3204    i.IMU_getQ          imu.o
    0x080025c4   0x080025c4   0x000000c0   Code   RO         3205    i.IMU_getValues     imu.o
    0x08002684   0x08002684   0x00000164   Code   RO         3206    i.IMU_getYawPitchRoll  imu.o
    0x080027e8   0x080027e8   0x00000034   Code   RO         3207    i.IMU_init          imu.o
    0x0800281c   0x0800281c   0x000000d4   Code   RO          187    i.MX_GPIO_Init      gpio.o
    0x080028f0   0x080028f0   0x00000064   Code   RO          219    i.MX_TIM2_Init      tim.o
    0x08002954   0x08002954   0x00000038   Code   RO          342    i.MX_USART2_UART_Init  usart.o
    0x0800298c   0x0800298c   0x00000002   Code   RO          396    i.MemManage_Handler  stm32f1xx_it.o
    0x0800298e   0x0800298e   0x00000002   Code   RO          397    i.NMI_Handler       stm32f1xx_it.o
    0x08002990   0x08002990   0x00000002   Code   RO          398    i.PendSV_Handler    stm32f1xx_it.o
    0x08002992   0x08002992   0x00000002   Code   RO          399    i.SVC_Handler       stm32f1xx_it.o
    0x08002994   0x08002994   0x0000000e   Code   RO          400    i.SysTick_Handler   stm32f1xx_it.o
    0x080029a2   0x080029a2   0x0000005e   Code   RO           14    i.SystemClock_Config  main.o
    0x08002a00   0x08002a00   0x00000002   Code   RO         2867    i.SystemInit        system_stm32f1xx.o
    0x08002a02   0x08002a02   0x00000002   PAD
    0x08002a04   0x08002a04   0x0000000c   Code   RO          401    i.TIM2_IRQHandler   stm32f1xx_it.o
    0x08002a10   0x08002a10   0x00000078   Code   RO          648    i.TIM_Base_SetConfig  stm32f1xx_hal_tim.o
    0x08002a88   0x08002a88   0x00000014   Code   RO          659    i.TIM_ETR_SetConfig  stm32f1xx_hal_tim.o
    0x08002a9c   0x08002a9c   0x00000010   Code   RO          660    i.TIM_ITRx_SetConfig  stm32f1xx_hal_tim.o
    0x08002aac   0x08002aac   0x00000022   Code   RO          666    i.TIM_TI1_ConfigInputStage  stm32f1xx_hal_tim.o
    0x08002ace   0x08002ace   0x00000024   Code   RO          668    i.TIM_TI2_ConfigInputStage  stm32f1xx_hal_tim.o
    0x08002af2   0x08002af2   0x00000002   PAD
    0x08002af4   0x08002af4   0x00000028   Code   RO         3500    i.TaskHandler       task.o
    0x08002b1c   0x08002b1c   0x00000030   Code   RO         3501    i.TaskSchedule      task.o
    0x08002b4c   0x08002b4c   0x00000010   Code   RO         2546    i.UART_DMAAbortOnError  stm32f1xx_hal_uart.o
    0x08002b5c   0x08002b5c   0x0000004e   Code   RO         2556    i.UART_EndRxTransfer  stm32f1xx_hal_uart.o
    0x08002baa   0x08002baa   0x000000c2   Code   RO         2558    i.UART_Receive_IT   stm32f1xx_hal_uart.o
    0x08002c6c   0x08002c6c   0x000000b8   Code   RO         2559    i.UART_SetConfig    stm32f1xx_hal_uart.o
    0x08002d24   0x08002d24   0x0000000c   Code   RO          402    i.USART2_IRQHandler  stm32f1xx_it.o
    0x08002d30   0x08002d30   0x00000002   Code   RO          403    i.UsageFault_Handler  stm32f1xx_it.o
    0x08002d32   0x08002d32   0x00000002   PAD
    0x08002d34   0x08002d34   0x00000020   Code   RO         3828    i.__0printf         mc_w.l(printfa.o)
    0x08002d54   0x08002d54   0x00000028   Code   RO         3906    i.__ARM_fpclassify  m_ws.l(fpclassify.o)
    0x08002d7c   0x08002d7c   0x00000020   Code   RO         2016    i.__NVIC_SetPriority  stm32f1xx_hal_cortex.o
    0x08002d9c   0x08002d9c   0x000000aa   Code   RO         3908    i.__kernel_poly     m_ws.l(poly.o)
    0x08002e46   0x08002e46   0x00000006   Code   RO         3893    i.__mathlib_dbl_infnan  m_ws.l(dunder.o)
    0x08002e4c   0x08002e4c   0x00000004   Code   RO         3894    i.__mathlib_dbl_infnan2  m_ws.l(dunder.o)
    0x08002e50   0x08002e50   0x0000000c   Code   RO         3895    i.__mathlib_dbl_invalid  m_ws.l(dunder.o)
    0x08002e5c   0x08002e5c   0x00000010   Code   RO         3898    i.__mathlib_dbl_underflow  m_ws.l(dunder.o)
    0x08002e6c   0x08002e6c   0x0000000e   Code   RO         3970    i.__scatterload_copy  mc_w.l(handlers.o)
    0x08002e7a   0x08002e7a   0x00000002   Code   RO         3971    i.__scatterload_null  mc_w.l(handlers.o)
    0x08002e7c   0x08002e7c   0x0000000e   Code   RO         3972    i.__scatterload_zeroinit  mc_w.l(handlers.o)
    0x08002e8a   0x08002e8a   0x00000002   PAD
    0x08002e8c   0x08002e8c   0x0000000c   Code   RO         3946    i.__set_errno       mc_w.l(errno.o)
    0x08002e98   0x08002e98   0x00000184   Code   RO         3835    i._fp_digits        mc_w.l(printfa.o)
    0x0800301c   0x0800301c   0x000006b4   Code   RO         3836    i._printf_core      mc_w.l(printfa.o)
    0x080036d0   0x080036d0   0x00000024   Code   RO         3837    i._printf_post_padding  mc_w.l(printfa.o)
    0x080036f4   0x080036f4   0x0000002e   Code   RO         3838    i._printf_pre_padding  mc_w.l(printfa.o)
    0x08003722   0x08003722   0x00000002   PAD
    0x08003724   0x08003724   0x00000270   Code   RO         3571    i.asin              m_ws.l(asin.o)
    0x08003994   0x08003994   0x00000220   Code   RO         3883    i.atan              m_ws.l(atan.o)
    0x08003bb4   0x08003bb4   0x0000019c   Code   RO         3581    i.atan2             m_ws.l(atan2.o)
    0x08003d50   0x08003d50   0x0000003c   Code   RO         3116    i.bsp_Icm42688GetAres  icm42688.o
    0x08003d8c   0x08003d8c   0x0000005c   Code   RO         3117    i.bsp_Icm42688GetGres  icm42688.o
    0x08003de8   0x08003de8   0x00000004   Code   RO         3118    i.bsp_Icm42688Init  icm42688.o
    0x08003dec   0x08003dec   0x0000007c   Code   RO         3119    i.bsp_Icm42688RegCfg  icm42688.o
    0x08003e68   0x08003e68   0x000000ac   Code   RO         3120    i.bsp_IcmGetRawData  icm42688.o
    0x08003f14   0x08003f14   0x000001c8   Code   RO         3209    i.calGyroVariance   imu.o
    0x080040dc   0x080040dc   0x00000014   Code   RO         3534    i.delay_init        delay.o
    0x080040f0   0x080040f0   0x00000018   Code   RO          343    i.fputc             usart.o
    0x08004108   0x08004108   0x0000000c   Code   RO         3122    i.icm42688Task      icm42688.o
    0x08004114   0x08004114   0x0000001a   Code   RO         3123    i.icm42688_read_reg  icm42688.o
    0x0800412e   0x0800412e   0x00000012   Code   RO         3124    i.icm42688_read_regs  icm42688.o
    0x08004140   0x08004140   0x00000012   Code   RO         3125    i.icm42688_write_reg  icm42688.o
    0x08004152   0x08004152   0x00000002   PAD
    0x08004154   0x08004154   0x00000034   Code   RO         3210    i.invSqrt1          imu.o
    0x08004188   0x08004188   0x0000003c   Code   RO           15    i.main              main.o
    0x080041c4   0x080041c4   0x00000078   Code   RO         3289    i.max30102CalcTask  max30102.o
    0x0800423c   0x0800423c   0x00000114   Code   RO         3290    i.max30102SampleTask  max30102.o
    0x08004350   0x08004350   0x00000048   Code   RO         3291    i.max30102_Bus_Read  max30102.o
    0x08004398   0x08004398   0x0000003e   Code   RO         3292    i.max30102_Bus_Write  max30102.o
    0x080043d6   0x080043d6   0x0000006a   Code   RO         3293    i.max30102_FIFO_ReadBytes  max30102.o
    0x08004440   0x08004440   0x00000054   Code   RO         3296    i.max30102_agc_update  max30102.o
    0x08004494   0x08004494   0x0000002c   Code   RO         3297    i.max30102_apply_led_current  max30102.o
    0x080044c0   0x080044c0   0x00000012   Code   RO         3298    i.max30102_clear_interrupt_status  max30102.o
    0x080044d2   0x080044d2   0x00000012   Code   RO         3299    i.max30102_compose_sample  max30102.o
    0x080044e4   0x080044e4   0x00000020   Code   RO         3300    i.max30102_fifo_pending  max30102.o
    0x08004504   0x08004504   0x00000032   Code   RO         3442    i.maxim_find_peaks  algorithm.o
    0x08004536   0x08004536   0x00000002   PAD
    0x08004538   0x08004538   0x000003bc   Code   RO         3443    i.maxim_heart_rate_and_oxygen_saturation  algorithm.o
    0x080048f4   0x080048f4   0x0000006a   Code   RO         3444    i.maxim_peaks_above_min_height  algorithm.o
    0x0800495e   0x0800495e   0x00000002   PAD
    0x08004960   0x08004960   0x0000006c   Code   RO         3445    i.maxim_remove_close_peaks  algorithm.o
    0x080049cc   0x080049cc   0x00000032   Code   RO         3446    i.maxim_sort_ascend  algorithm.o
    0x080049fe   0x080049fe   0x00000002   PAD
    0x08004a00   0x08004a00   0x0000003a   Code   RO         3447    i.maxim_sort_indices_descend  algorithm.o
    0x08004a3a   0x08004a3a   0x00000002   PAD
    0x08004a3c   0x08004a3c   0x000000a4   Code   RO         3126    i.printTask         icm42688.o
    0x08004ae0   0x08004ae0   0x0000004c   Code   RO         3912    i.sqrt              m_ws.l(sqrt.o)
    0x08004b2c   0x08004b2c   0x00000050   Code   RO          188    i.test_gpio_Init    gpio.o
    0x08004b7c   0x08004b7c   0x00000012   Data   RO         1714    .constdata          stm32f1xx_hal_rcc.o
    0x08004b8e   0x08004b8e   0x00000010   Data   RO         2868    .constdata          system_stm32f1xx.o
    0x08004b9e   0x08004b9e   0x00000008   Data   RO         2869    .constdata          system_stm32f1xx.o
    0x08004ba6   0x08004ba6   0x000000f6   Data   RO         3449    .constdata          algorithm.o
    0x08004c9c   0x08004c9c   0x00000004   PAD
    0x08004ca0   0x08004ca0   0x00000050   Data   RO         3572    .constdata          m_ws.l(asin.o)
    0x08004cf0   0x08004cf0   0x00000098   Data   RO         3884    .constdata          m_ws.l(atan.o)
    0x08004d88   0x08004d88   0x00000008   Data   RO         3910    .constdata          m_ws.l(qnan.o)
    0x08004d90   0x08004d90   0x00000020   Data   RO         3968    Region$$Table       anon$$obj.o


    Execution Region RW_IRAM1 (Exec base: 0x20000000, Load base: 0x08004db0, Size: 0x00004918, Max: 0x00005000, ABSOLUTE)

    Exec Addr    Load Addr    Size         Type   Attr      Idx    E Section Name        Object

    0x20000000   0x08004db0   0x00000004   Data   RW          404    .data               stm32f1xx_it.o
    0x20000004   0x08004db4   0x0000000c   Data   RW         1551    .data               stm32f1xx_hal.o
    0x20000010   0x08004dc0   0x00000004   Data   RW         2870    .data               system_stm32f1xx.o
    0x20000014   0x08004dc4   0x0000000c   Data   RW         3128    .data               icm42688.o
    0x20000020   0x08004dd0   0x00000030   Data   RW         3216    .data               imu.o
    0x20000050   0x08004e00   0x00000020   Data   RW         3312    .data               max30102.o
    0x20000070   0x08004e20   0x00000020   Data   RW         3502    .data               task.o
    0x20000090   0x08004e40   0x00000004   Data   RW         3535    .data               delay.o
    0x20000094   0x08004e44   0x00000004   Data   RW         3935    .data               mc_w.l(stdout.o)
    0x20000098   0x08004e48   0x00000004   Data   RW         3947    .data               mc_w.l(errno.o)
    0x2000009c        -       0x00000048   Zero   RW          220    .bss                tim.o
    0x200000e4        -       0x00000048   Zero   RW          344    .bss                usart.o
    0x2000012c        -       0x00000018   Zero   RW         3127    .bss                icm42688.o
    0x20000144   0x08004e4c   0x00000004   PAD
    0x20000148        -       0x00001ccc   Zero   RW         3212    .bss                imu.o
    0x20001e14        -       0x00000fa0   Zero   RW         3311    .bss                max30102.o
    0x20002db4        -       0x00001760   Zero   RW         3448    .bss                algorithm.o
    0x20004514   0x08004e4c   0x00000004   PAD
    0x20004518        -       0x00000400   Zero   RW            1    STACK               startup_stm32f103xb.o


==============================================================================

Image component sizes


      Code (inc. data)   RO Data    RW Data    ZI Data      Debug   Object Name

      1328         20        246          0       5984       7345   algorithm.o
        98          8          0          4          0       1691   delay.o
       292         20          0          0          0       1472   gpio.o
       690        144          0         12         24       5989   icm42688.o
      2376         96          0         48       7372       7138   imu.o
       158          6          0          0          0     425556   main.o
       832         36          0         32       4000       7231   max30102.o
      1584         72          0          0          0      14448   myiic.o
        36          8        236          0       1024        788   startup_stm32f103xb.o
       128         24          0         12          0       5229   stm32f1xx_hal.o
       222         14          0          0          0      29489   stm32f1xx_hal_cortex.o
       222          4          0          0          0       1743   stm32f1xx_hal_dma.o
       500         34          0          0          0       3479   stm32f1xx_hal_gpio.o
        60          8          0          0          0        854   stm32f1xx_hal_msp.o
      1240         84         18          0          0       5064   stm32f1xx_hal_rcc.o
       936         24          0          0          0       9737   stm32f1xx_hal_tim.o
       108         12          0          0          0       2369   stm32f1xx_hal_tim_ex.o
      1200         10          0          0          0       7868   stm32f1xx_hal_uart.o
        78         18          0          4          0       5498   stm32f1xx_it.o
         2          0         24          4          0       1091   system_stm32f1xx.o
        88          8          0         32          0       1569   task.o
       156         12          0          0         72     422662   tim.o
       208         28          0          0         72       2054   usart.o

    ----------------------------------------------------------------------
     12570        690        560        148      18556     970364   Object Totals
         0          0         32          0          0          0   (incl. Generated)
        28          0          4          0          8          0   (incl. Padding)

    ----------------------------------------------------------------------

      Code (inc. data)   RO Data    RW Data    ZI Data      Debug   Library Member Name

       624         52         80          0          0        168   asin.o
       544         70        152          0          0        124   atan.o
       412         38          0          0          0        144   atan2.o
        38          6          0          0          0        272   dunder.o
        40          0          0          0          0         68   fpclassify.o
       170          0          0          0          0         96   poly.o
         0          0          8          0          0          0   qnan.o
        76          0          0          0          0         84   sqrt.o
         0          0          0          0          0          0   entry.o
         0          0          0          0          0          0   entry10a.o
         0          0          0          0          0          0   entry11a.o
         4          0          0          0          0          0   entry12b.o
         8          4          0          0          0          0   entry2.o
         4          0          0          0          0          0   entry5.o
         0          0          0          0          0          0   entry7b.o
         0          0          0          0          0          0   entry8b.o
         8          4          0          0          0          0   entry9a.o
        12          6          0          4          0         68   errno.o
        30          0          0          0          0          0   handlers.o
        36          8          0          0          0         68   init.o
         0          0          0          0          0          0   iusefp.o
        30          0          0          0          0         68   llshl.o
        36          0          0          0          0         68   llsshr.o
        32          0          0          0          0         68   llushr.o
        36          0          0          0          0        108   memseta.o
      2218         90          0          0          0        464   printfa.o
         0          0          0          4          0          0   stdout.o
        44          0          0          0          0         80   uidiv.o
        98          0          0          0          0         92   uldiv.o
        48          0          0          0          0         68   cdcmple.o
        48          0          0          0          0         68   cdrcmple.o
        56          0          0          0          0         88   d2f.o
       334          0          0          0          0        148   dadd.o
       222          0          0          0          0        100   ddiv.o
       186          0          0          0          0        176   depilogue.o
        48          0          0          0          0         68   dfixul.o
        34          0          0          0          0         76   dflti.o
       228          0          0          0          0         96   dmul.o
        46          0          0          0          0         80   dscalb.o
       162          0          0          0          0        100   dsqrt.o
        38          0          0          0          0         68   f2d.o
       176          0          0          0          0        140   fadd.o
       124          0          0          0          0         88   fdiv.o
       110          0          0          0          0        168   fepilogue.o
        18          0          0          0          0         68   fflti.o
        10          0          0          0          0         68   ffltui.o
       100          0          0          0          0         76   fmul.o
        24          0          0          0          0         68   fscalb.o

    ----------------------------------------------------------------------
      6518        278        240          8          0       3852   Library Totals
         6          0          0          0          0          0   (incl. Padding)

    ----------------------------------------------------------------------

      Code (inc. data)   RO Data    RW Data    ZI Data      Debug   Library Name

      1904        166        240          0          0        956   m_ws.l
      2596        112          0          8          0       1084   mc_w.l
      2012          0          0          0          0       1812   mf_w.l

    ----------------------------------------------------------------------
      6518        278        240          8          0       3852   Library Totals

    ----------------------------------------------------------------------

==============================================================================


      Code (inc. data)   RO Data    RW Data    ZI Data      Debug   

     19088        968        800        156      18556     965996   Grand Totals
     19088        968        800        156      18556     965996   ELF Image Totals
     19088        968        800        156          0          0   ROM Totals

==============================================================================

    Total RO  Size (Code + RO Data)                19888 (  19.42kB)
    Total RW  Size (RW Data + ZI Data)             18712 (  18.27kB)
    Total ROM Size (Code + RO Data + RW Data)      20044 (  19.57kB)

==============================================================================

